/bin/bash: warning: setlocale: LC_ALL: cannot change locale (en_US.UTF-8)
=== START 2026-09-18T21:08:34+08:00 ===
ALLOC_BEFORE_IMPORT=
ALLOC expandable_segments:True
ENV expandable_segments:True
CUDA True NVIDIA GeForce RTX 4080 SUPER
TOTAL_GIB 31.48
BF16 True
=== CLI_NO_SEQLEN ===
usage: train.py [-h] [--config {12b,tiny}] [--phase {B0,B1,B2}]
                [--steps STEPS] [--tokens TOKENS]
                [--tokens-offset TOKENS_OFFSET] [--micro-batch MICRO_BATCH]
                [--accum ACCUM] [--device DEVICE] [--dtype {fp32,bf16}]
                [--seed SEED] [--data DATA] [--eval-data EVAL_DATA]
                [--eos EOS] [--meta] [--upcycle UPCYCLE]
                [--upcycle-hf [UPCYCLE_HF]] [--dummy-upcycle]
                [--teacher TEACHER] [--teacher-hf [TEACHER_HF]]
                [--dummy-teacher] [--fsdp] [--ddp] [--save-dir SAVE_DIR]
                [--save-every SAVE_EVERY] [--resume RESUME] [--log LOG]
                [--log-every LOG_EVERY] [--eval-every EVAL_EVERY]
                [--eval-batches EVAL_BATCHES] [--seq-len SEQ_LEN]
                [--grad-ckpt] [--c1-smoke] [--c1] [--save-optim]
                [--no-save-optim] [--keep-last KEEP_LAST] [--offload-encoder]
                [--no-offload-encoder] [--offload-blocks]
                [--no-offload-blocks] [--optim-cpu] [--no-optim-cpu]
                [--backend {torch,megatron}] [--tp TP] [--pp PP] [--ep EP]
                [--cp CP] [--sequence-parallel] [--dump-megatron]
train.py: error: 12b on a 31.5GiB GPU needs --seq-len 64 (default 4096 OOMs activations); RTX 4080 SUPER peaks were measured at seq=64
CLI_NO_SEQLEN_EXIT:2
=== CLI_TEACHER ===
usage: train.py [-h] [--config {12b,tiny}] [--phase {B0,B1,B2}]
                [--steps STEPS] [--tokens TOKENS]
                [--tokens-offset TOKENS_OFFSET] [--micro-batch MICRO_BATCH]
                [--accum ACCUM] [--device DEVICE] [--dtype {fp32,bf16}]
                [--seed SEED] [--data DATA] [--eval-data EVAL_DATA]
                [--eos EOS] [--meta] [--upcycle UPCYCLE]
                [--upcycle-hf [UPCYCLE_HF]] [--dummy-upcycle]
                [--teacher TEACHER] [--teacher-hf [TEACHER_HF]]
                [--dummy-teacher] [--fsdp] [--ddp] [--save-dir SAVE_DIR]
                [--save-every SAVE_EVERY] [--resume RESUME] [--log LOG]
                [--log-every LOG_EVERY] [--eval-every EVAL_EVERY]
                [--eval-batches EVAL_BATCHES] [--seq-len SEQ_LEN]
                [--grad-ckpt] [--c1-smoke] [--c1] [--save-optim]
                [--no-save-optim] [--keep-last KEEP_LAST] [--offload-encoder]
                [--no-offload-encoder] [--offload-blocks]
                [--no-offload-blocks] [--optim-cpu] [--no-optim-cpu]
                [--backend {torch,megatron}] [--tp TP] [--pp PP] [--ep EP]
                [--cp CP] [--sequence-parallel] [--dump-megatron]
train.py: error: 12b + MiniCPM5 teacher needs >40GiB GPU (student ~23–28GiB + teacher ~5GiB); this card is 31.5GiB. Drop --teacher-hf.
CLI_TEACHER_EXIT:2
=== TINY ===
built tiny on cuda dtype=fp32 params=210,816 alloc=0.00GiB grad_ckpt=False seq=16 offload_enc=False offload_blocks=False optim_cpu=False adam=gpu trainable=0.02M reuse=False
tiny B0 step 1/2 nll=4.9867 ppl=146.5 aux=0.0000 gate=0.150 gn=0.03 moe_cv=0.14 trainable=0.02M lr=3.00e-07 fp8=False tok=32 tok/s=55 mem=18MiB
tiny B0 step 2/2 nll=4.8941 ppl=133.5 aux=0.0000 gate=0.300 gn=0.06 moe_cv=0.24 trainable=0.02M lr=3.00e-07 fp8=False tok=64 tok/s=676 mem=18MiB
built tiny on cuda dtype=fp32 params=210,816 alloc=0.02GiB grad_ckpt=False seq=16 offload_enc=False offload_blocks=False optim_cpu=False adam=gpu trainable=0.12M reuse=False
tiny B1 step 1/2 nll=4.9899 ppl=146.9 aux=0.0011 gate=0.650 gn=1.66 moe_cv=0.15 trainable=0.12M lr=3.00e-07 fp8=False tok=32 tok/s=525 mem=18MiB
tiny B1 step 2/2 nll=4.8979 ppl=134.0 aux=0.0010 gate=1.000 gn=1.69 moe_cv=0.25 trainable=0.12M lr=3.00e-07 fp8=False tok=64 tok/s=521 mem=19MiB
built tiny on cuda dtype=fp32 params=210,816 alloc=0.02GiB grad_ckpt=False seq=16 offload_enc=False offload_blocks=False optim_cpu=False adam=gpu trainable=0.21M reuse=False
tiny B2 step 1/2 nll=4.9904 ppl=147.0 aux=0.0031 gate=1.000 gn=1.87 moe_cv=0.15 trainable=0.21M lr=3.00e-08 fp8=False tok=32 tok/s=360 mem=20MiB
tiny B2 step 2/2 nll=4.8980 ppl=134.0 aux=0.0032 gate=1.000 gn=1.90 moe_cv=0.25 trainable=0.21M lr=3.00e-08 fp8=False tok=64 tok/s=402 mem=20MiB
built tiny on cuda dtype=bf16 params=210,816 alloc=0.02GiB grad_ckpt=False seq=16 offload_enc=False offload_blocks=False optim_cpu=False adam=gpu trainable=0.02M reuse=False
tiny B0 step 1/1 nll=4.9750 ppl=144.7 aux=0.0000 gate=0.301 gn=0.05 moe_cv=0.14 trainable=0.02M lr=3.00e-07 fp8=False tok=32 tok/s=148 mem=17MiB
built tiny on cuda dtype=fp32 params=210,816 alloc=0.02GiB grad_ckpt=False seq=16 offload_enc=False offload_blocks=False optim_cpu=False adam=gpu trainable=0.12M reuse=False
tiny B1 step 1/1 nll=4.9911 ppl=147.1 aux=0.0011 gate=1.000 gn=1.67 moe_cv=0.15 trainable=0.12M lr=3.00e-07 fp8=True tok=32 tok/s=478 mem=18MiB
built tiny on cuda dtype=fp32 params=210,816 alloc=0.02GiB grad_ckpt=True seq=16 offload_enc=False offload_blocks=False optim_cpu=False adam=gpu trainable=0.21M reuse=False
tiny B2 step 1/1 nll=4.9904 ppl=147.0 aux=0.0031 gate=1.000 gn=1.87 moe_cv=0.15 trainable=0.21M lr=3.00e-08 fp8=False tok=32 tok/s=225 mem=20MiB
built tiny on cuda dtype=bf16 params=210,816 alloc=0.02GiB grad_ckpt=False seq=16 offload_enc=True offload_blocks=False optim_cpu=True adam=ephemeral trainable=0.12M reuse=False
tiny B1 step 1/1 nll=4.9750 ppl=144.7 aux=0.0010 gate=1.000 gn=1.67 moe_cv=0.15 trainable=0.12M lr=3.00e-07 fp8=False tok=32 tok/s=389 mem=17MiB
built tiny on cuda dtype=bf16 params=210,816 alloc=0.02GiB grad_ckpt=False seq=16 offload_enc=False offload_blocks=True optim_cpu=True adam=ephemeral trainable=0.21M reuse=False
tiny B2 step 1/1 nll=4.9750 ppl=144.7 aux=0.0031 gate=1.000 gn=1.88 moe_cv=0.14 trainable=0.21M lr=3.00e-08 fp8=False tok=32 tok/s=136 mem=17MiB
built tiny on cuda dtype=bf16 params=210,816 alloc=0.02GiB grad_ckpt=True seq=16 offload_enc=False offload_blocks=False optim_cpu=False adam=gpu trainable=0.02M reuse=True
tiny B0 step 1/1 nll=4.9979 ppl=148.1 aux=0.0000 gate=0.301 gn=0.06 moe_cv=0.13 trainable=0.02M lr=3.00e-07 fp8=False tok=32 tok/s=409 mem=17MiB
built tiny on cuda dtype=bf16 params=210,816 alloc=0.02GiB grad_ckpt=True seq=16 offload_enc=False offload_blocks=False optim_cpu=False adam=gpu trainable=0.12M reuse=True
tiny B1 step 1/1 nll=4.9318 ppl=138.6 aux=0.0011 gate=1.000 gn=1.67 moe_cv=0.26 trainable=0.12M lr=3.00e-07 fp8=False tok=64 tok/s=281 mem=17MiB
built tiny on cuda dtype=bf16 params=210,816 alloc=0.02GiB grad_ckpt=True seq=16 offload_enc=False offload_blocks=False optim_cpu=False adam=gpu trainable=0.21M reuse=True
tiny B2 step 1/1 nll=5.1130 ppl=166.2 aux=0.0031 gate=1.000 gn=1.91 moe_cv=0.18 trainable=0.21M lr=3.00e-08 fp8=False tok=96 tok/s=239 mem=18MiB
built tiny on cuda dtype=bf16 params=210,816 alloc=0.02GiB grad_ckpt=False seq=16 offload_enc=False offload_blocks=False optim_cpu=False adam=gpu trainable=0.02M reuse=False
tiny B0 step 1/2 nll=4.9729 ppl=144.4 aux=0.0000 gate=0.150 gn=0.03 moe_cv=0.15 trainable=0.02M lr=3.00e-07 fp8=False tok=32 tok/s=494 mem=17MiB
tiny B0 step 2/2 nll=4.8943 ppl=133.5 aux=0.0000 gate=0.301 gn=0.06 moe_cv=0.23 trainable=0.02M lr=3.00e-07 fp8=False tok=64 tok/s=604 mem=17MiB
built tiny on cuda dtype=bf16 params=210,816 alloc=0.02GiB grad_ckpt=False seq=16 offload_enc=False offload_blocks=False optim_cpu=False adam=gpu trainable=0.02M reuse=False
tiny B0 step 1/1 nll=4.7927 ppl=120.6 aux=0.0000 gate=0.301 gn=0.02 moe_cv=0.27 trainable=0.02M lr=3.00e-07 fp8=False tok=32 tok/s=675 mem=17MiB
built tiny on cuda dtype=bf16 params=210,816 alloc=0.02GiB grad_ckpt=False seq=16 offload_enc=False offload_blocks=False optim_cpu=False adam=gpu trainable=0.02M reuse=False
tiny B0 step 1/1 nll=4.9750 ppl=144.7 aux=0.0000 gate=0.301 gn=0.05 moe_cv=0.14 trainable=0.02M lr=3.00e-07 fp8=False tok=32 tok/s=663 mem=17MiB
built tiny on cuda dtype=fp32 params=210,816 alloc=0.02GiB grad_ckpt=False seq=16 offload_enc=False offload_blocks=False optim_cpu=False adam=gpu trainable=0.02M reuse=False
tiny B0 step 1/1 nll=4.9041 ppl=134.8 aux=0.0000 gate=0.300 gn=0.06 moe_cv=0.23 trainable=0.02M lr=3.00e-07 fp8=False tok=32 tok/s=686 mem=18MiB
built tiny on cuda dtype=fp32 params=210,816 alloc=0.02GiB grad_ckpt=False seq=16 offload_enc=False offload_blocks=False optim_cpu=False adam=gpu trainable=0.02M reuse=False
tiny B0 step 2/2 nll=4.9997 ppl=148.4 aux=0.0000 gate=0.300 gn=0.06 moe_cv=0.27 trainable=0.02M lr=3.00e-07 fp8=False tok=64 tok/s=723 mem=18MiB
built tiny on cuda dtype=bf16 params=210,816 alloc=0.02GiB grad_ckpt=False seq=16 offload_enc=False offload_blocks=False optim_cpu=False adam=gpu trainable=0.02M reuse=False
tiny B0 step 1/1 nll=4.9750 ppl=144.7 aux=0.0000 gate=0.301 gn=0.05 moe_cv=0.15 trainable=0.02M lr=3.00e-07 fp8=False tok=32 tok/s=661 mem=17MiB
built tiny on cuda dtype=bf16 params=210,816 alloc=0.02GiB grad_ckpt=False seq=16 offload_enc=False offload_blocks=False optim_cpu=False adam=gpu trainable=0.12M reuse=False
tiny B1 step 1/1 nll=4.8938 ppl=133.5 aux=0.0010 gate=1.000 gn=1.70 moe_cv=0.23 trainable=0.12M lr=3.00e-07 fp8=False tok=32 tok/s=506 mem=17MiB
[Gloo] Rank [Gloo] Rank 10 is connected to  is connected to 11 peer ranks.  peer ranks. Expected number of connected peer ranks is : Expected number of connected peer ranks is : 11

[rank0]:[W918 21:08:52.406927568 reducer.cpp:1457] Warning: find_unused_parameters=True was specified in DDP constructor, but did not find any unused parameters in the forward pass. This flag results in an extra traversal of the autograd graph every iteration,  which can adversely affect performance. If your model indeed never has any unused parameters in the forward pass, consider turning this flag off. Note that this warning may be a false positive if your model has flow control causing later iterations to have unused parameters. (function operator())
[rank1]:[W918 21:08:52.709993313 reducer.cpp:1457] Warning: find_unused_parameters=True was specified in DDP constructor, but did not find any unused parameters in the forward pass. This flag results in an extra traversal of the autograd graph every iteration,  which can adversely affect performance. If your model indeed never has any unused parameters in the forward pass, consider turning this flag off. Note that this warning may be a false positive if your model has flow control causing later iterations to have unused parameters. (function operator())
tiny B0 step 1/1 nll=4.9577 ppl=142.3 aux=0.0000 gate=0.300 gn=0.06 moe_cv=0.27 trainable=0.02M lr=3.00e-07 fp8=False tok=32 tok/s=21 mem=0MiB
[Gloo] Rank 0 is connected to 1 peer ranks. Expected number of connected peer ranks is : 1
[Gloo] Rank 1 is connected to 1 peer ranks. Expected number of connected peer ranks is : 1
built tiny on cuda:0 dtype=bf16 params=210,816 alloc=0.00GiB grad_ckpt=False seq=16 offload_enc=False offload_blocks=False optim_cpu=False adam=gpu trainable=0.02M reuse=False
[rank0]:[W918 21:08:57.236887808 reducer.cpp:1457] Warning: find_unused_parameters=True was specified in DDP constructor, but did not find any unused parameters in the forward pass. This flag results in an extra traversal of the autograd graph every iteration,  which can adversely affect performance. If your model indeed never has any unused parameters in the forward pass, consider turning this flag off. Note that this warning may be a false positive if your model has flow control causing later iterations to have unused parameters. (function operator())
[rank1]:[W918 21:08:57.239530890 reducer.cpp:1457] Warning: find_unused_parameters=True was specified in DDP constructor, but did not find any unused parameters in the forward pass. This flag results in an extra traversal of the autograd graph every iteration,  which can adversely affect performance. If your model indeed never has any unused parameters in the forward pass, consider turning this flag off. Note that this warning may be a false positive if your model has flow control causing later iterations to have unused parameters. (function operator())
tiny B0 step 1/1 nll=4.8766 ppl=131.2 aux=0.0000 gate=0.301 gn=0.05 moe_cv=0.20 trainable=0.02M lr=3.00e-07 fp8=False tok=32 tok/s=47 mem=17MiB
[Gloo] Rank 0 is connected to 1 peer ranks. Expected number of connected peer ranks is : 1
[Gloo] Rank 1 is connected to 1 peer ranks. Expected number of connected peer ranks is : 1
built tiny on cuda:0 dtype=bf16 params=210,816 alloc=0.00GiB grad_ckpt=False seq=16 offload_enc=False offload_blocks=False optim_cpu=False adam=gpu trainable=0.02M reuse=True
[rank0]:[W918 21:09:03.718315159 reducer.cpp:1457] Warning: find_unused_parameters=True was specified in DDP constructor, but did not find any unused parameters in the forward pass. This flag results in an extra traversal of the autograd graph every iteration,  which can adversely affect performance. If your model indeed never has any unused parameters in the forward pass, consider turning this flag off. Note that this warning may be a false positive if your model has flow control causing later iterations to have unused parameters. (function operator())
[rank1]:[W918 21:09:03.728828060 reducer.cpp:1457] Warning: find_unused_parameters=True was specified in DDP constructor, but did not find any unused parameters in the forward pass. This flag results in an extra traversal of the autograd graph every iteration,  which can adversely affect performance. If your model indeed never has any unused parameters in the forward pass, consider turning this flag off. Note that this warning may be a false positive if your model has flow control causing later iterations to have unused parameters. (function operator())
tiny B0 step 1/1 nll=4.9745 ppl=144.7 aux=0.0000 gate=0.301 gn=0.06 moe_cv=0.31 trainable=0.02M lr=3.00e-07 fp8=False tok=32 tok/s=46 mem=17MiB
built tiny on cuda:0 dtype=bf16 params=210,816 alloc=0.02GiB grad_ckpt=False seq=16 offload_enc=False offload_blocks=False optim_cpu=False adam=gpu trainable=0.12M reuse=True
tiny B1 step 1/1 nll=5.1151 ppl=166.5 aux=0.0011 gate=1.000 gn=1.67 moe_cv=0.32 trainable=0.12M lr=3.00e-07 fp8=False tok=64 tok/s=265 mem=18MiB
built tiny on cuda:0 dtype=bf16 params=210,816 alloc=0.02GiB grad_ckpt=False seq=16 offload_enc=False offload_blocks=False optim_cpu=False adam=gpu trainable=0.21M reuse=True
tiny B2 step 1/1 nll=5.1589 ppl=174.0 aux=0.0034 gate=1.000 gn=1.86 moe_cv=0.22 trainable=0.21M lr=3.00e-08 fp8=False tok=96 tok/s=282 mem=18MiB
built tiny on cuda:0 dtype=bf16 params=210,816 alloc=0.00GiB grad_ckpt=False seq=16 offload_enc=False offload_blocks=False optim_cpu=False adam=gpu trainable=0.02M reuse=False
tiny B0 step 1/1 nll=4.8448 ppl=127.1 aux=0.0000 gate=0.301 gn=0.08 moe_cv=0.20 trainable=0.02M lr=3.00e-07 fp8=False tok=16 tok/s=23 mem=17MiB
{
  "info": {
    "cuda": true,
    "device": "NVIDIA GeForce RTX 4080 SUPER",
    "index": 0,
    "capability": "8.9",
    "total_gib": 31.48,
    "bf16": true,
    "torch": "2.8.0+cu128",
    "cuda_runtime": "12.8"
  },
  "phases": {
    "B0": {
      "nll": 4.894075393676758,
      "ok": true
    },
    "B1": {
      "nll": 4.897915840148926,
      "ok": true
    },
    "B2": {
      "nll": 4.897969722747803,
      "ok": true
    }
  },
  "bf16": {
    "nll": 4.974999904632568,
    "ok": true
  },
  "fp8_policy": {
    "b1_autocast": true,
    "b0_autocast": false
  },
  "b1_fp8_autocast": {
    "nll": 4.991145610809326,
    "ok": true
  },
  "grad_ckpt": {
    "nll": 4.990365505218506,
    "ok": true
  },
  "b1_offload": {
    "nll": 4.974999904632568,
    "ok": true
  },
  "b2_block_offload": {
    "nll": 4.974999904632568,
    "ok": true
  },
  "c1_ckpts": {
    "ok": true
  },
  "c1_chain": {
    "B0": {
      "nll": 4.9979166984558105,
      "step": 1,
      "ok": true
    },
    "B1": {
      "nll": 4.9317708015441895,
      "step": 1,
      "ok": true
    },
    "B2": {
      "nll": 5.113020896911621,
      "step": 1,
      "ok": true
    },
    "ok": true
  },
  "kd": {
    "nll": 4.894270896911621,
    "ok": true
  },
  "upcycle": {
    "nll": 4.792708396911621,
    "ok": true
  },
  "eval": {
    "nll": 4.974999904632568,
    "ok": true
  },
  "packed_resume": {
    "first_nll": 4.904074192047119,
    "second_step": 2,
    "ok": true
  },
  "b0_to_b1": {
    "b0_nll": 4.974999904632568,
    "b1_step": 1,
    "b1_phase": "B1",
    "ok": true
  },
  "b0_encoder_frozen": {
    "ok": true
  },
  "ddp_gloo": {
    "nll": 4.957737445831299,
    "step": 1,
    "world": 2,
    "phase": "B0",
    "device": "cpu",
    "mode": "ddp",
    "accum": 1,
    "ok": true
  },
  "ddp_cuda": {
    "nll": 4.876562595367432,
    "step": 1,
    "world": 2,
    "phase": "B0",
    "device": "cuda",
    "mode": "ddp",
    "accum": 1,
    "ok": true
  },
  "ddp_cuda_c1": {
    "nll": 5.1588544845581055,
    "step": 1,
    "world": 2,
    "phase": "C1",
    "b0": 4.974478721618652,
    "b1": 5.1151041984558105,
    "b2": 5.1588544845581055,
    "device": "cuda",
    "ok": true
  },
  "fsdp": {
    "nll": 4.844791889190674,
    "step": 1,
    "world": 1,
    "phase": "B0",
    "device": "cuda",
    "mode": "fsdp",
    "accum": 1,
    "ok": true
  },
  "peak_mib": 17.5,
  "ok": true
}
TINY_EXIT:0
=== IDLE_AFTER_TINY ===
1 MiB
=== B0 ===
built CAT-YOKO-12B on cuda dtype=bf16 params=12,250,381,312 alloc=14.66GiB grad_ckpt=True seq=64 offload_enc=True offload_blocks=False optim_cpu=False adam=gpu trainable=219.21M reuse=True
CAT-YOKO-12B B0 step 1/1 nll=11.9544 ppl=155494.4 aux=0.0000 gate=0.301 gn=3.36 moe_cv=0.44 trainable=219.21M lr=1.00e-07 fp8=False tok=64 tok/s=7 mem=23378MiB
{
  "info": {
    "cuda": true,
    "device": "NVIDIA GeForce RTX 4080 SUPER",
    "index": 0,
    "capability": "8.9",
    "total_gib": 31.48,
    "bf16": true,
    "torch": "2.8.0+cu128",
    "cuda_runtime": "12.8"
  },
  "phase": "B0",
  "nll": 11.954364776611328,
  "step": 1,
  "seq_len": 64,
  "peak_gib": 22.83,
  "ok": true
}
B0_EXIT:0
=== IDLE_AFTER_B0 ===
1 MiB
=== B1 ===
built CAT-YOKO-12B on cuda dtype=bf16 params=12,250,381,312 alloc=14.66GiB grad_ckpt=True seq=64 offload_enc=True offload_blocks=False optim_cpu=True adam=ephemeral trainable=7603.42M reuse=True
CAT-YOKO-12B B1 step 1/1 nll=11.9345 ppl=152439.6 aux=0.0374 gate=1.000 gn=9.46 moe_cv=0.54 trainable=7603.42M lr=1.00e-07 fp8=True tok=64 tok/s=1 mem=29283MiB
{
  "info": {
    "cuda": true,
    "device": "NVIDIA GeForce RTX 4080 SUPER",
    "index": 0,
    "capability": "8.9",
    "total_gib": 31.48,
    "bf16": true,
    "torch": "2.8.0+cu128",
    "cuda_runtime": "12.8"
  },
  "phase": "B1",
  "nll": 11.934523582458496,
  "step": 1,
  "seq_len": 64,
  "peak_gib": 28.6,
  "ok": true
}
B1_EXIT:0
=== IDLE_AFTER_B1 ===
1 MiB
=== DONE 2026-09-18T21:11:36+08:00 ===
