bash: warning: setlocale: LC_ALL: cannot change locale (en_US.UTF-8)
=== mini-verify 2026-09-19T15:37:11Z root=/root/autodl-tmp/mini-verify/src out=/root/autodl-tmp/mini-verify/runs ===
built tiny on cuda dtype=bf16 params=210,816 alloc=0.00GiB grad_ckpt=False seq=16 offload_enc=False offload_blocks=False optim_cpu=False adam=gpu trainable=0.02M reuse=True nvfp4=False int8=False nvfp4_n=0 nvfp4_family=other te_linear=False grouped_mm=True te=False te_nvfp4=False return_logits=False sparse=window loss=ce PYTORCH_CUDA_ALLOC_CONF=expandable_segments:True
tiny B0 step 1/2 nll=5.0859 ppl=161.7 aux=0.0000 gate=0.150 gn=0.03 moe_cv=0.14 trainable=0.02M lr=3.00e-07 fp8=False nvfp4=False int8=False tok=32 tok/s=37 mem=17MiB
tiny B0 step 2/2 nll=5.1030 ppl=164.5 aux=0.0000 gate=0.301 gn=0.06 moe_cv=0.21 trainable=0.02M lr=3.00e-07 fp8=False nvfp4=False int8=False tok=64 tok/s=834 mem=17MiB
built tiny on cuda dtype=bf16 params=210,816 alloc=0.02GiB grad_ckpt=False seq=16 offload_enc=False offload_blocks=False optim_cpu=False adam=gpu trainable=0.12M reuse=True nvfp4=False int8=False nvfp4_n=0 nvfp4_family=other te_linear=False grouped_mm=True te=False te_nvfp4=False return_logits=False sparse=window loss=ce PYTORCH_CUDA_ALLOC_CONF=expandable_segments:True
tiny B1 step 1/2 nll=5.1954 ppl=180.4 aux=0.0010 gate=0.648 gn=1.67 moe_cv=0.13 trainable=0.12M lr=3.00e-07 fp8=False nvfp4=False int8=False tok=96 tok/s=664 mem=18MiB
tiny B1 step 2/2 nll=5.1170 ppl=166.8 aux=0.0011 gate=1.000 gn=1.67 moe_cv=0.24 trainable=0.12M lr=3.00e-07 fp8=False nvfp4=False int8=False tok=128 tok/s=790 mem=18MiB
built tiny on cuda dtype=bf16 params=210,816 alloc=0.02GiB grad_ckpt=False seq=16 offload_enc=False offload_blocks=False optim_cpu=False adam=gpu trainable=0.21M reuse=True nvfp4=False int8=False nvfp4_n=0 nvfp4_family=other te_linear=False grouped_mm=True te=False te_nvfp4=False return_logits=False sparse=window loss=ce PYTORCH_CUDA_ALLOC_CONF=expandable_segments:True
tiny B2 step 1/2 nll=5.1381 ppl=170.4 aux=0.0031 gate=1.000 gn=1.90 moe_cv=0.18 trainable=0.21M lr=3.00e-08 fp8=False nvfp4=False int8=False tok=160 tok/s=427 mem=18MiB
tiny B2 step 2/2 nll=4.9724 ppl=144.4 aux=0.0032 gate=1.000 gn=1.88 moe_cv=0.22 trainable=0.21M lr=3.00e-08 fp8=False nvfp4=False int8=False tok=192 tok/s=495 mem=19MiB
built tiny on cuda dtype=bf16 params=212,864 alloc=0.02GiB grad_ckpt=False seq=16 offload_enc=False offload_blocks=False optim_cpu=False adam=gpu trainable=0.00M reuse=True nvfp4=False int8=False nvfp4_n=0 nvfp4_family=other te_linear=False grouped_mm=True te=False te_nvfp4=False return_logits=False sparse=window loss=indexer_kl PYTORCH_CUDA_ALLOC_CONF=expandable_segments:True
tiny C-index step 1/2 nll=0.0763 ppl=1.1 aux=0.0000 gate=1.000 gn=0.04 moe_cv=0.16 trainable=0.00M lr=3.00e-07 fp8=False nvfp4=False int8=False tok=224 tok/s=455 mem=17MiB rec=1.000
tiny C-index step 2/2 nll=0.0671 ppl=1.1 aux=0.0000 gate=1.000 gn=0.04 moe_cv=0.16 trainable=0.00M lr=3.00e-07 fp8=False nvfp4=False int8=False tok=256 tok/s=1525 mem=17MiB rec=1.000
built tiny on cuda dtype=bf16 params=212,864 alloc=0.02GiB grad_ckpt=False seq=16 offload_enc=False offload_blocks=False optim_cpu=False adam=gpu trainable=0.21M reuse=True nvfp4=False int8=False nvfp4_n=0 nvfp4_family=other te_linear=False grouped_mm=True te=False te_nvfp4=False return_logits=False sparse=topk loss=ce PYTORCH_CUDA_ALLOC_CONF=expandable_segments:True
tiny C-topk step 1/2 nll=4.9803 ppl=145.5 aux=0.0031 gate=1.000 gn=1.88 moe_cv=0.17 trainable=0.21M lr=3.00e-08 fp8=False nvfp4=False int8=False tok=288 tok/s=443 mem=18MiB
tiny C-topk step 2/2 nll=4.9560 ppl=142.0 aux=0.0031 gate=1.000 gn=1.88 moe_cv=0.19 trainable=0.21M lr=3.00e-08 fp8=False nvfp4=False int8=False tok=320 tok/s=470 mem=19MiB
built tiny on cuda dtype=bf16 params=212,864 alloc=0.02GiB grad_ckpt=False seq=16 offload_enc=False offload_blocks=False optim_cpu=False adam=gpu trainable=0.21M reuse=True nvfp4=False int8=False nvfp4_n=0 nvfp4_family=other te_linear=False grouped_mm=True te=False te_nvfp4=False return_logits=False sparse=hca loss=ce PYTORCH_CUDA_ALLOC_CONF=expandable_segments:True
tiny C-hca step 1/2 nll=4.9268 ppl=137.9 aux=0.0031 gate=1.000 gn=1.96 moe_cv=0.18 trainable=0.21M lr=3.00e-08 fp8=False nvfp4=False int8=False tok=352 tok/s=457 mem=18MiB
tiny C-hca step 2/2 nll=4.9806 ppl=145.6 aux=0.0031 gate=1.000 gn=1.81 moe_cv=0.13 trainable=0.21M lr=3.00e-08 fp8=False nvfp4=False int8=False tok=384 tok/s=479 mem=19MiB
built tiny on cuda dtype=bf16 params=212,864 alloc=0.02GiB grad_ckpt=False seq=16 offload_enc=False offload_blocks=False optim_cpu=False adam=gpu trainable=0.21M reuse=True nvfp4=False int8=False nvfp4_n=0 nvfp4_family=other te_linear=False grouped_mm=True te=False te_nvfp4=False return_logits=False sparse=hca loss=ce PYTORCH_CUDA_ALLOC_CONF=expandable_segments:True
tiny C-win step 1/2 nll=5.0214 ppl=151.6 aux=0.0032 gate=1.000 gn=1.91 moe_cv=0.24 trainable=0.21M lr=3.00e-08 fp8=False nvfp4=False int8=False tok=416 tok/s=425 mem=18MiB
tiny C-win step 2/2 nll=5.0660 ppl=158.5 aux=0.0032 gate=1.000 gn=1.86 moe_cv=0.26 trainable=0.21M lr=3.00e-08 fp8=False nvfp4=False int8=False tok=448 tok/s=479 mem=19MiB
built tiny on cuda dtype=bf16 params=212,864 alloc=0.02GiB grad_ckpt=False seq=16 offload_enc=False offload_blocks=False optim_cpu=False adam=gpu trainable=0.21M reuse=True nvfp4=False int8=False nvfp4_n=0 nvfp4_family=other te_linear=False grouped_mm=True te=False te_nvfp4=False return_logits=False sparse=hca loss=ce PYTORCH_CUDA_ALLOC_CONF=expandable_segments:True
tiny D-8k step 1/2 nll=4.8029 ppl=121.9 aux=0.0031 gate=1.000 gn=1.87 moe_cv=0.16 trainable=0.21M lr=3.00e-08 fp8=False nvfp4=False int8=False tok=480 tok/s=449 mem=18MiB
tiny D-8k step 2/2 nll=4.7877 ppl=120.0 aux=0.0031 gate=1.000 gn=1.88 moe_cv=0.21 trainable=0.21M lr=3.00e-08 fp8=False nvfp4=False int8=False tok=512 tok/s=478 mem=19MiB
built tiny on cuda dtype=bf16 params=212,864 alloc=0.02GiB grad_ckpt=False seq=16 offload_enc=False offload_blocks=False optim_cpu=False adam=gpu trainable=0.21M reuse=True nvfp4=False int8=False nvfp4_n=0 nvfp4_family=other te_linear=False grouped_mm=True te=False te_nvfp4=False return_logits=False sparse=hca loss=ce PYTORCH_CUDA_ALLOC_CONF=expandable_segments:True
tiny E step 1/2 nll=5.1340 ppl=169.7 aux=0.0031 gate=1.000 gn=1.87 moe_cv=0.13 trainable=0.21M lr=3.00e-06 fp8=False nvfp4=False int8=False tok=544 tok/s=432 mem=18MiB
tiny E step 2/2 nll=4.9628 ppl=143.0 aux=0.0031 gate=1.000 gn=1.86 moe_cv=0.16 trainable=0.21M lr=3.00e-06 fp8=False nvfp4=False int8=False tok=576 tok/s=452 mem=19MiB
built tiny on cuda dtype=bf16 params=212,864 alloc=0.02GiB grad_ckpt=False seq=16 offload_enc=False offload_blocks=False optim_cpu=False adam=gpu trainable=0.21M reuse=True nvfp4=False int8=False nvfp4_n=0 nvfp4_family=other te_linear=False grouped_mm=True te=False te_nvfp4=False return_logits=False sparse=hca loss=sft PYTORCH_CUDA_ALLOC_CONF=expandable_segments:True
tiny F step 1/2 nll=5.3319 ppl=206.8 aux=0.0031 gate=1.000 gn=2.42 moe_cv=0.16 trainable=0.21M lr=3.00e-08 fp8=False nvfp4=False int8=False tok=608 tok/s=428 mem=18MiB
tiny F step 2/2 nll=5.1210 ppl=167.5 aux=0.0033 gate=1.000 gn=2.50 moe_cv=0.26 trainable=0.21M lr=3.00e-08 fp8=False nvfp4=False int8=False tok=640 tok/s=428 mem=19MiB
bf16 ok=True seq=16 steps=2 int8=False backend=none nvfp4=False 5.593s
  B0 nll=5.1030 ok=True peak_mib=17
  B1 nll=5.1170 ok=True peak_mib=18
  B2 nll=4.9724 ok=True peak_mib=19
  C-index nll=0.0671 ok=True peak_mib=17
  C-topk nll=4.9560 ok=True peak_mib=19
  C-hca nll=4.9806 ok=True peak_mib=19
  C-win nll=5.0660 ok=True peak_mib=19
  D-8k nll=4.7877 ok=True peak_mib=19
  E nll=4.9628 ok=True peak_mib=19
  F nll=5.1210 ok=True peak_mib=19
built int8-probe on cuda dtype=bf16 params=560,896 alloc=0.02GiB grad_ckpt=False seq=64 offload_enc=False offload_blocks=False optim_cpu=False adam=gpu trainable=0.08M reuse=True nvfp4=False int8=True nvfp4_n=0 nvfp4_family=other te_linear=False grouped_mm=True te=False te_nvfp4=False return_logits=False sparse=window loss=ce PYTORCH_CUDA_ALLOC_CONF=expandable_segments:True
int8-probe B0 step 1/2 nll=5.0454 ppl=155.3 aux=0.0000 gate=0.150 gn=0.02 moe_cv=0.12 trainable=0.08M lr=3.00e-07 fp8=False nvfp4=False int8=True tok=128 tok/s=51 mem=20MiB
int8-probe B0 step 2/2 nll=5.1011 ppl=164.2 aux=0.0000 gate=0.301 gn=0.04 moe_cv=0.12 trainable=0.08M lr=3.00e-07 fp8=False nvfp4=False int8=True tok=256 tok/s=3792 mem=20MiB
built int8-probe on cuda dtype=bf16 params=560,896 alloc=0.02GiB grad_ckpt=False seq=64 offload_enc=False offload_blocks=False optim_cpu=False adam=gpu trainable=0.32M reuse=True nvfp4=False int8=True nvfp4_n=0 nvfp4_family=other te_linear=False grouped_mm=True te=False te_nvfp4=False return_logits=False sparse=window loss=ce PYTORCH_CUDA_ALLOC_CONF=expandable_segments:True
int8-probe B1 step 1/2 nll=5.0061 ppl=149.3 aux=0.0010 gate=0.648 gn=1.09 moe_cv=0.12 trainable=0.32M lr=3.00e-07 fp8=False nvfp4=False int8=True tok=384 tok/s=2714 mem=21MiB
int8-probe B1 step 2/2 nll=5.0450 ppl=155.2 aux=0.0011 gate=1.000 gn=1.09 moe_cv=0.09 trainable=0.32M lr=3.00e-07 fp8=False nvfp4=False int8=True tok=512 tok/s=2518 mem=23MiB
built int8-probe on cuda dtype=bf16 params=560,896 alloc=0.02GiB grad_ckpt=False seq=64 offload_enc=False offload_blocks=False optim_cpu=False adam=gpu trainable=0.56M reuse=True nvfp4=False int8=True nvfp4_n=0 nvfp4_family=other te_linear=False grouped_mm=True te=False te_nvfp4=False return_logits=False sparse=window loss=ce PYTORCH_CUDA_ALLOC_CONF=expandable_segments:True
int8-probe B2 step 1/2 nll=5.0060 ppl=149.3 aux=0.0031 gate=1.000 gn=1.19 moe_cv=0.13 trainable=0.56M lr=3.00e-08 fp8=False nvfp4=False int8=True tok=640 tok/s=1803 mem=24MiB
int8-probe B2 step 2/2 nll=4.9518 ppl=141.4 aux=0.0031 gate=1.000 gn=1.17 moe_cv=0.20 trainable=0.56M lr=3.00e-08 fp8=False nvfp4=False int8=True tok=768 tok/s=1989 mem=26MiB
built int8-probe on cuda dtype=bf16 params=564,992 alloc=0.02GiB grad_ckpt=False seq=64 offload_enc=False offload_blocks=False optim_cpu=False adam=gpu trainable=0.00M reuse=True nvfp4=False int8=True nvfp4_n=0 nvfp4_family=other te_linear=False grouped_mm=True te=False te_nvfp4=False return_logits=False sparse=window loss=indexer_kl PYTORCH_CUDA_ALLOC_CONF=expandable_segments:True
int8-probe C-index step 1/2 nll=0.1274 ppl=1.1 aux=0.0000 gate=1.000 gn=0.03 moe_cv=0.12 trainable=0.00M lr=3.00e-07 fp8=False nvfp4=False int8=True tok=896 tok/s=5107 mem=20MiB rec=1.000
int8-probe C-index step 2/2 nll=0.1261 ppl=1.1 aux=0.0000 gate=1.000 gn=0.03 moe_cv=0.12 trainable=0.00M lr=3.00e-07 fp8=False nvfp4=False int8=True tok=1024 tok/s=5791 mem=20MiB rec=1.000
built int8-probe on cuda dtype=bf16 params=564,992 alloc=0.02GiB grad_ckpt=False seq=64 offload_enc=False offload_blocks=False optim_cpu=False adam=gpu trainable=0.56M reuse=True nvfp4=False int8=True nvfp4_n=0 nvfp4_family=other te_linear=False grouped_mm=True te=False te_nvfp4=False return_logits=False sparse=topk loss=ce PYTORCH_CUDA_ALLOC_CONF=expandable_segments:True
int8-probe C-topk step 1/2 nll=5.0394 ppl=154.4 aux=0.0031 gate=1.000 gn=1.17 moe_cv=0.15 trainable=0.56M lr=3.00e-08 fp8=False nvfp4=False int8=True tok=1152 tok/s=1753 mem=24MiB
int8-probe C-topk step 2/2 nll=4.9584 ppl=142.4 aux=0.0031 gate=1.000 gn=1.18 moe_cv=0.14 trainable=0.56M lr=3.00e-08 fp8=False nvfp4=False int8=True tok=1280 tok/s=1561 mem=26MiB
built int8-probe on cuda dtype=bf16 params=564,992 alloc=0.02GiB grad_ckpt=False seq=64 offload_enc=False offload_blocks=False optim_cpu=False adam=gpu trainable=0.56M reuse=True nvfp4=False int8=True nvfp4_n=0 nvfp4_family=other te_linear=False grouped_mm=True te=False te_nvfp4=False return_logits=False sparse=hca loss=ce PYTORCH_CUDA_ALLOC_CONF=expandable_segments:True
int8-probe C-hca step 1/2 nll=5.0296 ppl=152.9 aux=0.0031 gate=1.000 gn=1.21 moe_cv=0.11 trainable=0.56M lr=3.00e-08 fp8=False nvfp4=False int8=True tok=1408 tok/s=1734 mem=24MiB
int8-probe C-hca step 2/2 nll=4.9742 ppl=144.6 aux=0.0030 gate=1.000 gn=1.19 moe_cv=0.10 trainable=0.56M lr=3.00e-08 fp8=False nvfp4=False int8=True tok=1536 tok/s=1839 mem=26MiB
built int8-probe on cuda dtype=bf16 params=564,992 alloc=0.02GiB grad_ckpt=False seq=64 offload_enc=False offload_blocks=False optim_cpu=False adam=gpu trainable=0.56M reuse=True nvfp4=False int8=True nvfp4_n=0 nvfp4_family=other te_linear=False grouped_mm=True te=False te_nvfp4=False return_logits=False sparse=hca loss=ce PYTORCH_CUDA_ALLOC_CONF=expandable_segments:True
int8-probe C-win step 1/2 nll=4.9222 ppl=137.3 aux=0.0031 gate=1.000 gn=1.19 moe_cv=0.10 trainable=0.56M lr=3.00e-08 fp8=False nvfp4=False int8=True tok=1664 tok/s=2082 mem=24MiB
int8-probe C-win step 2/2 nll=5.0061 ppl=149.3 aux=0.0030 gate=1.000 gn=1.18 moe_cv=0.09 trainable=0.56M lr=3.00e-08 fp8=False nvfp4=False int8=True tok=1792 tok/s=2008 mem=26MiB
built int8-probe on cuda dtype=bf16 params=564,992 alloc=0.02GiB grad_ckpt=False seq=64 offload_enc=False offload_blocks=False optim_cpu=False adam=gpu trainable=0.56M reuse=True nvfp4=False int8=True nvfp4_n=0 nvfp4_family=other te_linear=False grouped_mm=True te=False te_nvfp4=False return_logits=False sparse=hca loss=ce PYTORCH_CUDA_ALLOC_CONF=expandable_segments:True
int8-probe D-8k step 1/2 nll=5.1279 ppl=168.7 aux=0.0031 gate=1.000 gn=1.20 moe_cv=0.13 trainable=0.56M lr=3.00e-08 fp8=False nvfp4=False int8=True tok=1920 tok/s=1779 mem=24MiB
int8-probe D-8k step 2/2 nll=5.0172 ppl=151.0 aux=0.0030 gate=1.000 gn=1.19 moe_cv=0.11 trainable=0.56M lr=3.00e-08 fp8=False nvfp4=False int8=True tok=2048 tok/s=1987 mem=26MiB
built int8-probe on cuda dtype=bf16 params=564,992 alloc=0.02GiB grad_ckpt=False seq=64 offload_enc=False offload_blocks=False optim_cpu=False adam=gpu trainable=0.56M reuse=True nvfp4=False int8=True nvfp4_n=0 nvfp4_family=other te_linear=False grouped_mm=True te=False te_nvfp4=False return_logits=False sparse=hca loss=ce PYTORCH_CUDA_ALLOC_CONF=expandable_segments:True
int8-probe E step 1/2 nll=4.9448 ppl=140.4 aux=0.0031 gate=1.000 gn=1.18 moe_cv=0.12 trainable=0.56M lr=3.00e-06 fp8=False nvfp4=False int8=True tok=2176 tok/s=1856 mem=24MiB
int8-probe E step 2/2 nll=4.9882 ppl=146.7 aux=0.0031 gate=1.000 gn=1.19 moe_cv=0.11 trainable=0.56M lr=3.00e-06 fp8=False nvfp4=False int8=True tok=2304 tok/s=1934 mem=26MiB
built int8-probe on cuda dtype=bf16 params=564,992 alloc=0.02GiB grad_ckpt=False seq=64 offload_enc=False offload_blocks=False optim_cpu=False adam=gpu trainable=0.56M reuse=True nvfp4=False int8=True nvfp4_n=0 nvfp4_family=other te_linear=False grouped_mm=True te=False te_nvfp4=False return_logits=False sparse=hca loss=sft PYTORCH_CUDA_ALLOC_CONF=expandable_segments:True
int8-probe F step 1/2 nll=5.0238 ppl=152.0 aux=0.0031 gate=1.000 gn=1.60 moe_cv=0.15 trainable=0.56M lr=3.00e-08 fp8=False nvfp4=False int8=True tok=2432 tok/s=1760 mem=24MiB
int8-probe F step 2/2 nll=5.0314 ppl=153.1 aux=0.0031 gate=1.000 gn=1.59 moe_cv=0.12 trainable=0.56M lr=3.00e-08 fp8=False nvfp4=False int8=True tok=2560 tok/s=2305 mem=26MiB
int8 ok=True seq=64 steps=2 int8=True backend=triton nvfp4=False 5.421s
  B0 nll=5.1011 ok=True peak_mib=20
  B1 nll=5.0450 ok=True peak_mib=23
  B2 nll=4.9518 ok=True peak_mib=26
  C-index nll=0.1261 ok=True peak_mib=20
  C-topk nll=4.9584 ok=True peak_mib=26
  C-hca nll=4.9742 ok=True peak_mib=26
  C-win nll=5.0061 ok=True peak_mib=26
  D-8k nll=5.0172 ok=True peak_mib=26
  E nll=4.9882 ok=True peak_mib=26
  F nll=5.0314 ok=True peak_mib=26
=== exit 0 2026-09-19T15:37:25Z ===
