=== ampere-mfu 2026-09-19T17:26:36Z ===
NVIDIA GeForce RTX 3090, 8.6, 49152 MiB
/root/autodl-tmp/CAT-YOKO/cat_yoko/attention.py:180: UserWarning: Memory efficient kernel not used because: (Triggered internally at /pytorch/aten/src/ATen/native/transformers/cuda/sdp_utils.cpp:858.)
  out = F.scaled_dot_product_attention(
/root/autodl-tmp/CAT-YOKO/cat_yoko/attention.py:180: UserWarning: For dense input, both fused kernels require query, key and value to have the same num_heads. Query.sizes(): [1, 16, 128, 32], Key sizes(): [1, 2, 128, 32], Value sizes(): [1, 2, 128, 32] instead. To broadcast dense inputs, try using unsqueeze and expand_to before passing them into the kernel. (Triggered internally at /pytorch/aten/src/ATen/native/transformers/sdp_utils_cpp.h:418.)
  out = F.scaled_dot_product_attention(
/root/autodl-tmp/CAT-YOKO/cat_yoko/attention.py:180: UserWarning: Flash attention kernel not used because: (Triggered internally at /pytorch/aten/src/ATen/native/transformers/cuda/sdp_utils.cpp:860.)
  out = F.scaled_dot_product_attention(
/root/autodl-tmp/CAT-YOKO/cat_yoko/attention.py:180: UserWarning: Flash attention has been runtime disabled. (Triggered internally at /pytorch/aten/src/ATen/native/transformers/sdp_utils_cpp.h:540.)
  out = F.scaled_dot_product_attention(
/root/autodl-tmp/CAT-YOKO/cat_yoko/attention.py:180: UserWarning: CuDNN attention kernel not used because: (Triggered internally at /pytorch/aten/src/ATen/native/transformers/cuda/sdp_utils.cpp:862.)
  out = F.scaled_dot_product_attention(
/root/autodl-tmp/CAT-YOKO/cat_yoko/attention.py:180: UserWarning: CuDNN attention has been runtime disabled. (Triggered internally at /pytorch/aten/src/ATen/native/transformers/cuda/sdp_utils.cpp:592.)
  out = F.scaled_dot_product_attention(
RTX 3090 peak BF16 71.16 TFLOPS  HBM 936 GB/s  ridge 76.0 F/B
-- bf16_probe theoretical MFU --
  fused_qkv              theo= 84.2%  probe: one GEMM [256,128]×[128,256]
  dense_cross_flash      theo= 56.1%  probe: Flash GQA causal; IO-aware bytes
  masked_window          theo= 37.4%  probe: n_win=32 still materializes S×S mask; not Flash
  masked_csa_union       theo= 74.8%  probe: union mask, equal heads, cuDNN/Efficient bf16
  masked_hca_concat      theo= 78.7%  probe: concat window+slots k_len=144
  moe_bmm                theo= 13.0%  probe: padded bmm, E=20 tokens/expert=12
  indexer_fp32           theo= 30.6%  probe: fp32 scores, d_idx=32; peak is FP32/TF32 not BF16 TC
-- published_12b theoretical MFU --
  fused_qkv              theo=100.0%  12b: one GEMM [8192,2048]×[2048,2560]
  dense_cross_flash      theo=100.0%  12b: Flash GQA causal; IO-aware bytes
  masked_window          theo=100.0%  12b: n_win=8192 covers seq so B0 window is Flash; this row is C/probe hole
  masked_csa_union       theo=100.0%  12b: union mask, equal heads, cuDNN/Efficient bf16
  masked_hca_concat      theo=100.0%  12b: concat window+slots k_len=4608
  moe_bmm                theo=100.0%  12b: padded bmm, E=20 tokens/expert=409
  indexer_fp32           theo= 82.3%  12b: fp32 scores, d_idx=64; peak is FP32/TF32 not BF16 TC
-- measured NVIDIA GeForce RTX 3090 cap=[8, 6] grouped_mm=False --
  calibrated GEMM 72.18 TFLOPS
  gemm_8192                 72.18 T  ach=101.4%  theo=100.0%  roof=101.4%  cuBLAS bf16 peak probe
  fused_qkv_probe            0.44 T  ach=  0.6%  theo= 84.2%  roof=  0.7%  frozen cached cat
  fused_qkv_12b             74.16 T  ach=104.2%  theo=100.0%  roof=104.2%  frozen cached cat
  dense_flash_gqa_probe      0.16 T  ach=  0.2%  theo= 56.1%  roof=  0.4%  YOCO cross / covering window
  dense_flash_gqa_12b       60.38 T  ach= 84.9%  theo=100.0%  roof= 84.9%  YOCO cross / covering window
  masked_window_probe        0.19 T  ach=  0.3%  theo= 37.4%  roof=  0.7%  seq=128 switch=320
  masked_window_mid         17.90 T  ach= 25.2%  theo=100.0%  roof= 25.2%  seq=512 switch=320
  masked_csa_probe           0.36 T  ach=  0.5%  theo= 74.8%  roof=  0.7%  seq=128 equal-head union
  masked_csa_mid            35.97 T  ach= 50.5%  theo=100.0%  roof= 50.5%  seq=512 equal-head union
  masked_hca_probe           0.40 T  ach=  0.6%  theo= 78.7%  roof=  0.7%  k_len=144
  masked_hca_mid            37.86 T  ach= 53.2%  theo=100.0%  roof= 53.2%  k_len=576
  masked_gqa_probe           0.14 T  ach=  0.2%  theo= 67.4%  roof=  0.3%  gqa_mask={'kind': 'masked_bf16', 'dtype': 'bfloat16'} enable_gqa+mask or repeat
  indexer_fp32_probe         0.09 T  ach=  0.2%  theo= 29.7%  roof=  0.8%  d_idx=32
  indexer_fp32_12b          14.35 T  ach= 40.3%  theo= 81.0%  roof= 49.8%  d_idx=64
  moe_bmm_even              58.89 T  ach= 82.8%  theo=100.0%  roof= 82.8%  Ampere path after SM90 gate
  grouped_mm                 0.00 T  ach=  0.0%  theo=  0.0%  roof=  0.0%  SM90+ only; Ampere capability gate skips the RuntimeError tax
=== exit 0 2026-09-19T17:26:41Z ===
=== ampere-mfu 2026-09-19T17:28:16Z ===
NVIDIA GeForce RTX 3090, 8.6, 49152 MiB
RTX 3090 peak BF16 71.16 TFLOPS  HBM 936 GB/s  ridge 76.0 F/B
-- bf16_probe theoretical MFU --
  fused_qkv              theo= 84.2%  probe: one GEMM [256,128]×[128,256]
  dense_cross_flash      theo= 56.1%  probe: Flash GQA causal; IO-aware bytes
  masked_window          theo= 37.4%  probe: n_win=32 still materializes S×S mask; not Flash
  masked_csa_union       theo= 74.8%  probe: union mask, equal heads, cuDNN/Efficient bf16
  masked_hca_concat      theo= 78.7%  probe: concat window+slots k_len=144
  moe_bmm                theo= 13.0%  probe: padded bmm, E=20 tokens/expert=12
  indexer_fp32           theo= 29.7%  probe: fp32 scores, d_idx=32; peak is FP32/TF32 not BF16 TC
-- published_12b theoretical MFU --
  fused_qkv              theo=100.0%  12b: one GEMM [8192,2048]×[2048,2560]
  dense_cross_flash      theo=100.0%  12b: Flash GQA causal; IO-aware bytes
  masked_window          theo=100.0%  12b: n_win=8192 covers seq so B0 window is Flash; this row is C/probe hole
  masked_csa_union       theo=100.0%  12b: union mask, equal heads, cuDNN/Efficient bf16
  masked_hca_concat      theo=100.0%  12b: concat window+slots k_len=4608
  moe_bmm                theo=100.0%  12b: padded bmm, E=20 tokens/expert=409
  indexer_fp32           theo= 81.3%  12b: fp32 scores, d_idx=64; peak is FP32/TF32 not BF16 TC
-- measured NVIDIA GeForce RTX 3090 cap=[8, 6] grouped_mm=False --
  calibrated GEMM 72.12 TFLOPS
  gemm_8192                 72.12 T  ach=101.3%  theo=100.0%  roof=101.3%  cuBLAS bf16 peak probe
  fused_qkv_probe            0.58 T  ach=  0.8%  theo= 84.2%  roof=  1.0%  frozen cached cat
  fused_qkv_12b             74.66 T  ach=104.9%  theo=100.0%  roof=104.9%  frozen cached cat
  dense_flash_gqa_probe      0.16 T  ach=  0.2%  theo= 56.1%  roof=  0.4%  YOCO cross / covering window
  dense_flash_gqa_12b       60.45 T  ach= 85.0%  theo=100.0%  roof= 85.0%  YOCO cross / covering window
  masked_window_probe        0.17 T  ach=  0.2%  theo= 37.4%  roof=  0.6%  seq=128 switch=320
  masked_window_mid         17.99 T  ach= 25.3%  theo=100.0%  roof= 25.3%  seq=512 switch=320
  masked_csa_probe           0.37 T  ach=  0.5%  theo= 74.8%  roof=  0.7%  seq=128 equal-head union
  masked_csa_mid            36.73 T  ach= 51.6%  theo=100.0%  roof= 51.6%  seq=512 equal-head union
  masked_hca_probe           0.42 T  ach=  0.6%  theo= 78.7%  roof=  0.7%  k_len=144
  masked_hca_mid            40.34 T  ach= 56.7%  theo=100.0%  roof= 56.7%  k_len=576
  masked_gqa_probe           0.15 T  ach=  0.2%  theo= 39.6%  roof=  0.5%  repeat KV then fused; {'kind': 'masked_bf16', 'dtype': 'bfloat16'}
  indexer_fp32_probe         0.09 T  ach=  0.2%  theo= 29.7%  roof=  0.8%  d_idx=32
  indexer_fp32_12b          14.28 T  ach= 40.1%  theo= 81.0%  roof= 49.5%  d_idx=64
  moe_bmm_even              57.66 T  ach= 81.0%  theo=100.0%  roof= 81.0%  Ampere path after SM90 gate
  grouped_mm                 0.00 T  ach=  0.0%  theo=  0.0%  roof=  0.0%  SM90+ only; Ampere capability gate skips the RuntimeError tax
=== exit 0 2026-09-19T17:28:21Z ===
