{"event": "preflight", "free_gpu_mib": 24514.0, "total_gpu_mib": 24560.0}
[transformers] `torch_dtype` is deprecated! Use `dtype` instead!
Loading weights:   0%|          | 0/381 [00:00<?, ?it/s]Loading weights: 100%|██████████| 381/381 [00:00<00:00, 6741.52it/s]
{"event": "model_built", "elapsed_s": 82.30607805005275, "trainable_tensors": 132}
{"event": "gpu_wait", "elapsed_s": 1.934007741510868e-06, "other_gpu_pids": [], "idle_confirmations": 1, "proc_root": "/sys/class/kfd/kfd/proc"}
{"event": "gpu_idle", "elapsed_s": 2.002231316990219, "other_gpu_pids": [], "idle_confirmations": 2, "proc_root": "/sys/class/kfd/kfd/proc"}
/home/donz/revelation-rocm-venv/lib/python3.12/site-packages/torch/nn/modules/module.py:1357: UserWarning: expandable_segments not supported on this platform (Triggered internally at /pytorch/c10/hip/HIPAllocatorConfig.h:36.)
  return t.to(
{"event": "baseline", "seq_len": 64, "offload_blocks": true, "loss": 11.843254089355469, "nll": 11.843254089355469, "aux": 0.0, "elapsed_s": 30.095765448990278, "tok_s": 2.126545015393427, "baseline_mib": 1022.00537109375, "peak_mib": 2495.00634765625, "parity_ce_chunk_tokens": 63, "sdpa_counts": {"dense": 0, "masked_bf16": 0, "math_fp32": 120}, "gradient_tensors": 132}
{"event": "baseline", "seq_len": 256, "offload_blocks": true, "loss": 11.819607734680176, "nll": 11.819607734680176, "aux": 0.0, "elapsed_s": 26.003688616969157, "tok_s": 9.844757171601524, "baseline_mib": 1088.15478515625, "peak_mib": 2636.1708984375, "parity_ce_chunk_tokens": 255, "sdpa_counts": {"dense": 0, "masked_bf16": 0, "math_fp32": 120}, "gradient_tensors": 132}
{"event": "baseline", "seq_len": 4096, "offload_blocks": true, "loss": 11.803144454956055, "nll": 11.803144454956055, "aux": 0.0, "elapsed_s": 31.31004801898962, "tok_s": 130.8206233831314, "baseline_mib": 1094.59228515625, "peak_mib": 8442.783203125, "parity_ce_chunk_tokens": 512, "sdpa_counts": {"dense": 0, "masked_bf16": 0, "math_fp32": 120}, "gradient_tensors": 132}
{"event": "reference_repeat", "seq_len": 4096, "pass": true, "moe_layout": "native-reference-repeat", "loss_abs": 0.0, "nll_abs": 0.0, "global_gradient_relative_l2": 0.0, "selected_logits": {"finite": true, "max_abs": 0.0, "relative_l2": 0.0, "error_square_sum": 0.0, "reference_square_sum": 1909.386723190546}, "final_hidden": {"finite": true, "max_abs": 0.0, "relative_l2": 0.0, "error_square_sum": 0.0, "reference_square_sum": 4602.093209855637}, "failed_gradients": [], "baseline": {"seq_len": 4096, "offload_blocks": true, "loss": 11.803144454956055, "nll": 11.803144454956055, "aux": 0.0, "elapsed_s": 31.31004801898962, "tok_s": 130.8206233831314, "baseline_mib": 1094.59228515625, "peak_mib": 8442.783203125, "parity_ce_chunk_tokens": 512, "sdpa_counts": {"dense": 0, "masked_bf16": 0, "math_fp32": 120}, "gradient_tensors": 132}, "candidate": {"seq_len": 4096, "offload_blocks": true, "loss": 11.803144454956055, "nll": 11.803144454956055, "aux": 0.0, "elapsed_s": 31.322833624028135, "tok_s": 130.767223973565, "baseline_mib": 1222.09228515625, "peak_mib": 8442.783203125, "parity_ce_chunk_tokens": 512, "sdpa_counts": {"dense": 0, "masked_bf16": 0, "math_fp32": 120}, "gradient_tensors": 132}, "forward_backward_speedup": 0.9995918119927468}
{"event": "moe_layout_installed", "moe_layout": "shared-storage", "shared_storage_moes": 42, "parameter_bytes_before": 24500762624, "parameter_bytes_after": 4418435072, "removed_parameter_bytes": 20082327552, "trainable_keys": 132}
{"event": "parity", "seq_len": 64, "pass": true, "moe_layout": "shared-storage", "loss_abs": 0.0, "nll_abs": 0.0, "global_gradient_relative_l2": 0.0, "selected_logits": {"finite": true, "max_abs": 0.0, "relative_l2": 0.0, "error_square_sum": 0.0, "reference_square_sum": 1995.8350697930437}, "final_hidden": {"finite": true, "max_abs": 0.0, "relative_l2": 0.0, "error_square_sum": 0.0, "reference_square_sum": 6872.08180420968}, "failed_gradients": [], "baseline": {"seq_len": 64, "offload_blocks": true, "loss": 11.843254089355469, "nll": 11.843254089355469, "aux": 0.0, "elapsed_s": 30.095765448990278, "tok_s": 2.126545015393427, "baseline_mib": 1022.00537109375, "peak_mib": 2495.00634765625, "parity_ce_chunk_tokens": 63, "sdpa_counts": {"dense": 0, "masked_bf16": 0, "math_fp32": 120}, "gradient_tensors": 132}, "candidate": {"seq_len": 64, "offload_blocks": false, "loss": 11.843254089355469, "nll": 11.843254089355469, "aux": 0.0, "elapsed_s": 0.4848503160174005, "tok_s": 131.99950146614557, "baseline_mib": 4413.93603515625, "peak_mib": 6462.5029296875, "parity_ce_chunk_tokens": 63, "sdpa_counts": {"dense": 0, "masked_bf16": 0, "math_fp32": 120}, "gradient_tensors": 132}, "forward_backward_speedup": 62.07228180482446}
{"event": "parity", "seq_len": 256, "pass": true, "moe_layout": "shared-storage", "loss_abs": 0.0, "nll_abs": 0.0, "global_gradient_relative_l2": 0.0, "selected_logits": {"finite": true, "max_abs": 0.0, "relative_l2": 0.0, "error_square_sum": 0.0, "reference_square_sum": 1903.380346853286}, "final_hidden": {"finite": true, "max_abs": 0.0, "relative_l2": 0.0, "error_square_sum": 0.0, "reference_square_sum": 4968.933149232107}, "failed_gradients": [], "baseline": {"seq_len": 256, "offload_blocks": true, "loss": 11.819607734680176, "nll": 11.819607734680176, "aux": 0.0, "elapsed_s": 26.003688616969157, "tok_s": 9.844757171601524, "baseline_mib": 1088.15478515625, "peak_mib": 2636.1708984375, "parity_ce_chunk_tokens": 255, "sdpa_counts": {"dense": 0, "masked_bf16": 0, "math_fp32": 120}, "gradient_tensors": 132}, "candidate": {"seq_len": 256, "offload_blocks": false, "loss": 11.819607734680176, "nll": 11.819607734680176, "aux": 0.0, "elapsed_s": 0.495229400054086, "tok_s": 516.932153002308, "baseline_mib": 6044.06005859375, "peak_mib": 6572.34375, "parity_ce_chunk_tokens": 255, "sdpa_counts": {"dense": 0, "masked_bf16": 0, "math_fp32": 120}, "gradient_tensors": 132}, "forward_backward_speedup": 52.508370088951075}
{"event": "parity", "seq_len": 4096, "pass": true, "moe_layout": "shared-storage", "loss_abs": 0.0, "nll_abs": 0.0, "global_gradient_relative_l2": 0.0, "selected_logits": {"finite": true, "max_abs": 0.0, "relative_l2": 0.0, "error_square_sum": 0.0, "reference_square_sum": 1909.386723190546}, "final_hidden": {"finite": true, "max_abs": 0.0, "relative_l2": 0.0, "error_square_sum": 0.0, "reference_square_sum": 4602.093209855637}, "failed_gradients": [], "baseline": {"seq_len": 4096, "offload_blocks": true, "loss": 11.803144454956055, "nll": 11.803144454956055, "aux": 0.0, "elapsed_s": 31.31004801898962, "tok_s": 130.8206233831314, "baseline_mib": 1094.59228515625, "peak_mib": 8442.783203125, "parity_ce_chunk_tokens": 512, "sdpa_counts": {"dense": 0, "masked_bf16": 0, "math_fp32": 120}, "gradient_tensors": 132}, "candidate": {"seq_len": 4096, "offload_blocks": false, "loss": 11.803144454956055, "nll": 11.803144454956055, "aux": 0.0, "elapsed_s": 6.721015117014758, "tok_s": 609.4317493246915, "baseline_mib": 6050.43115234375, "peak_mib": 12006.64453125, "parity_ce_chunk_tokens": 512, "sdpa_counts": {"dense": 0, "masked_bf16": 0, "math_fp32": 120}, "gradient_tensors": 132}, "forward_backward_speedup": 4.658529622962142}
{"event": "parity_complete", "pass": true}
{"event": "parity_determinism_restored", "deterministic_algorithms": false, "warn_only": false}
built CAT-YOKO-12B on cuda:0 dtype=bf16 params=2,209,217,536 alloc=6.03GiB grad_ckpt=True seq=4096 offload_enc=False offload_blocks=False optim_cpu=True adam=fp32 zero=0 ds=False zero_offload=False zero_offload_param=False trainable=219.21M reuse=True nvfp4=False nvfp4_n=0 nvfp4_family=other te_linear=False grouped_mm=False te=False te_nvfp4=False return_logits=False sparse=window loss=ce PYTORCH_CUDA_ALLOC_CONF=expandable_segments:True
warning: 12B checkpoint adds ~23GiB host tensors on top of CPU Adam moments; --steps 1 or omit --save-dir on a 62GiB cgroup
overlay resume /home/donz/cat-yoko-rocm-20261002/runs/b0-layout-source/trainable_step_33850.pt: 132 tensors ckpt_phase=B0 cli_phase=B0
CAT-YOKO-12B B0 step 33851/34802 nll=11.8036 ppl=133739.3 aux=0.0000 gate=0.006 gn=0.11 moe_cv=0.94 trainable=219.21M lr=3.17e-05 fp8=False nvfp4=False tok=158349312 tok/s=591 mem=12007MiB
CAT-YOKO-12B B0 step 33852/34802 nll=11.8025 ppl=133582.2 aux=0.0000 gate=0.006 gn=0.10 moe_cv=0.79 trainable=219.21M lr=3.17e-05 fp8=False nvfp4=False tok=158353408 tok/s=592 mem=12007MiB
CAT-YOKO-12B B0 step 33853/34802 nll=11.8045 ppl=133859.8 aux=0.0000 gate=0.006 gn=0.09 moe_cv=0.77 trainable=219.21M lr=3.17e-05 fp8=False nvfp4=False tok=158357504 tok/s=591 mem=12007MiB
CAT-YOKO-12B B0 step 33854/34802 nll=11.8005 ppl=133319.5 aux=0.0000 gate=0.006 gn=0.11 moe_cv=0.79 trainable=219.21M lr=3.17e-05 fp8=False nvfp4=False tok=158361600 tok/s=591 mem=12007MiB
CAT-YOKO-12B B0 step 33855/34802 nll=11.8086 ppl=134398.2 aux=0.0000 gate=0.006 gn=0.11 moe_cv=0.72 trainable=219.21M lr=3.17e-05 fp8=False nvfp4=False tok=158365696 tok/s=589 mem=12007MiB
CAT-YOKO-12B B0 step 33856/34802 nll=11.8069 ppl=134180.9 aux=0.0000 gate=0.006 gn=0.10 moe_cv=0.74 trainable=219.21M lr=3.17e-05 fp8=False nvfp4=False tok=158369792 tok/s=590 mem=12007MiB
CAT-YOKO-12B B0 step 33857/34802 nll=11.8051 ppl=133933.4 aux=0.0000 gate=0.006 gn=0.09 moe_cv=0.81 trainable=219.21M lr=3.17e-05 fp8=False nvfp4=False tok=158373888 tok/s=589 mem=12007MiB
CAT-YOKO-12B B0 step 33858/34802 nll=11.7999 ppl=133244.2 aux=0.0000 gate=0.006 gn=0.10 moe_cv=0.76 trainable=219.21M lr=3.17e-05 fp8=False nvfp4=False tok=158377984 tok/s=589 mem=12007MiB
CAT-YOKO-12B B0 step 33859/34802 nll=11.7991 ppl=133126.3 aux=0.0000 gate=0.006 gn=0.09 moe_cv=0.80 trainable=219.21M lr=3.17e-05 fp8=False nvfp4=False tok=158382080 tok/s=589 mem=12007MiB
CAT-YOKO-12B B0 step 33860/34802 nll=11.8011 ppl=133398.9 aux=0.0000 gate=0.006 gn=0.10 moe_cv=0.82 trainable=219.21M lr=3.17e-05 fp8=False nvfp4=False tok=158386176 tok/s=588 mem=12007MiB
CAT-YOKO-12B B0 step 33861/34802 nll=11.8049 ppl=133910.9 aux=0.0000 gate=0.006 gn=0.09 moe_cv=0.77 trainable=219.21M lr=3.17e-05 fp8=False nvfp4=False tok=158390272 tok/s=588 mem=12007MiB
CAT-YOKO-12B B0 step 33862/34802 nll=11.8071 ppl=134197.3 aux=0.0000 gate=0.006 gn=0.09 moe_cv=0.71 trainable=219.21M lr=3.17e-05 fp8=False nvfp4=False tok=158394368 tok/s=587 mem=12007MiB
CAT-YOKO-12B B0 step 33863/34802 nll=11.8120 ppl=134854.3 aux=0.0000 gate=0.006 gn=0.14 moe_cv=0.85 trainable=219.21M lr=3.17e-05 fp8=False nvfp4=False tok=158398464 tok/s=586 mem=12007MiB
CAT-YOKO-12B B0 step 33864/34802 nll=11.8059 ppl=134035.6 aux=0.0000 gate=0.006 gn=0.09 moe_cv=0.80 trainable=219.21M lr=3.17e-05 fp8=False nvfp4=False tok=158402560 tok/s=583 mem=12007MiB
CAT-YOKO-12B B0 step 33865/34802 nll=11.8024 ppl=133574.1 aux=0.0000 gate=0.006 gn=0.09 moe_cv=0.83 trainable=219.21M lr=3.17e-05 fp8=False nvfp4=False tok=158406656 tok/s=586 mem=12007MiB
CAT-YOKO-12B B0 step 33866/34802 nll=11.8023 ppl=133557.8 aux=0.0000 gate=0.006 gn=0.11 moe_cv=0.79 trainable=219.21M lr=3.17e-05 fp8=False nvfp4=False tok=158410752 tok/s=579 mem=12007MiB
CAT-YOKO-12B B0 step 33867/34802 nll=11.8057 ppl=134017.2 aux=0.0000 gate=0.006 gn=0.10 moe_cv=0.82 trainable=219.21M lr=3.17e-05 fp8=False nvfp4=False tok=158414848 tok/s=586 mem=12007MiB
CAT-YOKO-12B B0 step 33868/34802 nll=11.8008 ppl=133362.2 aux=0.0000 gate=0.006 gn=0.09 moe_cv=0.83 trainable=219.21M lr=3.17e-05 fp8=False nvfp4=False tok=158418944 tok/s=586 mem=12007MiB
CAT-YOKO-12B B0 step 33869/34802 nll=11.7994 ppl=133173.1 aux=0.0000 gate=0.006 gn=0.10 moe_cv=0.82 trainable=219.21M lr=3.17e-05 fp8=False nvfp4=False tok=158423040 tok/s=584 mem=12007MiB
CAT-YOKO-12B B0 step 33870/34802 nll=11.8099 ppl=134578.8 aux=0.0000 gate=0.006 gn=0.09 moe_cv=0.72 trainable=219.21M lr=3.17e-05 fp8=False nvfp4=False tok=158427136 tok/s=585 mem=12007MiB
CAT-YOKO-12B B0 step 33871/34802 nll=11.7996 ppl=133203.6 aux=0.0000 gate=0.006 gn=0.10 moe_cv=0.81 trainable=219.21M lr=3.17e-05 fp8=False nvfp4=False tok=158431232 tok/s=586 mem=12007MiB
CAT-YOKO-12B B0 step 33872/34802 nll=11.8031 ppl=133661.8 aux=0.0000 gate=0.006 gn=0.09 moe_cv=0.82 trainable=219.21M lr=3.17e-05 fp8=False nvfp4=False tok=158435328 tok/s=584 mem=12007MiB
CAT-YOKO-12B B0 step 33873/34802 nll=11.8047 ppl=133878.2 aux=0.0000 gate=0.006 gn=0.09 moe_cv=0.77 trainable=219.21M lr=3.17e-05 fp8=False nvfp4=False tok=158439424 tok/s=586 mem=12007MiB
CAT-YOKO-12B B0 step 33874/34802 nll=11.8056 ppl=134007.0 aux=0.0000 gate=0.006 gn=0.10 moe_cv=0.79 trainable=219.21M lr=3.17e-05 fp8=False nvfp4=False tok=158443520 tok/s=586 mem=12007MiB
CAT-YOKO-12B B0 step 33875/34802 nll=11.7932 ppl=132348.4 aux=0.0000 gate=0.006 gn=0.10 moe_cv=0.74 trainable=219.21M lr=3.17e-05 fp8=False nvfp4=False tok=158447616 tok/s=586 mem=12007MiB
CAT-YOKO-12B B0 step 33876/34802 nll=11.8052 ppl=133947.7 aux=0.0000 gate=0.006 gn=0.09 moe_cv=0.79 trainable=219.21M lr=3.17e-05 fp8=False nvfp4=False tok=158451712 tok/s=586 mem=12007MiB
CAT-YOKO-12B B0 step 33877/34802 nll=11.8045 ppl=133847.5 aux=0.0000 gate=0.006 gn=0.09 moe_cv=0.74 trainable=219.21M lr=3.17e-05 fp8=False nvfp4=False tok=158455808 tok/s=586 mem=12007MiB
CAT-YOKO-12B B0 step 33878/34802 nll=11.8327 ppl=137687.0 aux=0.0000 gate=0.006 gn=0.14 moe_cv=0.73 trainable=219.21M lr=3.17e-05 fp8=False nvfp4=False tok=158459904 tok/s=586 mem=12007MiB
CAT-YOKO-12B B0 step 33879/34802 nll=11.8058 ppl=134023.3 aux=0.0000 gate=0.006 gn=0.09 moe_cv=0.73 trainable=219.21M lr=3.17e-05 fp8=False nvfp4=False tok=158464000 tok/s=586 mem=12007MiB
CAT-YOKO-12B B0 step 33880/34802 nll=11.8005 ppl=133325.6 aux=0.0000 gate=0.006 gn=0.09 moe_cv=0.78 trainable=219.21M lr=3.17e-05 fp8=False nvfp4=False tok=158468096 tok/s=585 mem=12007MiB
CAT-YOKO-12B B0 step 33881/34802 nll=11.8013 ppl=133431.4 aux=0.0000 gate=0.006 gn=0.09 moe_cv=0.77 trainable=219.21M lr=3.17e-05 fp8=False nvfp4=False tok=158472192 tok/s=585 mem=12007MiB
CAT-YOKO-12B B0 step 33882/34802 nll=11.7964 ppl=132775.3 aux=0.0000 gate=0.006 gn=0.09 moe_cv=0.78 trainable=219.21M lr=3.17e-05 fp8=False nvfp4=False tok=158476288 tok/s=577 mem=12007MiB
CAT-YOKO-12B B0 step 33883/34802 nll=11.7993 ppl=133162.9 aux=0.0000 gate=0.006 gn=0.09 moe_cv=0.73 trainable=219.21M lr=3.17e-05 fp8=False nvfp4=False tok=158480384 tok/s=585 mem=12007MiB
CAT-YOKO-12B B0 step 33884/34802 nll=11.8112 ppl=134747.4 aux=0.0000 gate=0.006 gn=0.12 moe_cv=0.87 trainable=219.21M lr=3.17e-05 fp8=False nvfp4=False tok=158484480 tok/s=585 mem=12007MiB
CAT-YOKO-12B B0 step 33885/34802 nll=11.8022 ppl=133545.5 aux=0.0000 gate=0.006 gn=0.11 moe_cv=0.79 trainable=219.21M lr=3.17e-05 fp8=False nvfp4=False tok=158488576 tok/s=585 mem=12007MiB
CAT-YOKO-12B B0 step 33886/34802 nll=11.8026 ppl=133600.6 aux=0.0000 gate=0.006 gn=0.09 moe_cv=0.78 trainable=219.21M lr=3.17e-05 fp8=False nvfp4=False tok=158492672 tok/s=585 mem=12007MiB
CAT-YOKO-12B B0 step 33887/34802 nll=11.8061 ppl=134064.3 aux=0.0000 gate=0.006 gn=0.09 moe_cv=0.77 trainable=219.21M lr=3.17e-05 fp8=False nvfp4=False tok=158496768 tok/s=585 mem=12007MiB
CAT-YOKO-12B B0 step 33888/34802 nll=11.8052 ppl=133941.5 aux=0.0000 gate=0.006 gn=0.09 moe_cv=0.73 trainable=219.21M lr=3.17e-05 fp8=False nvfp4=False tok=158500864 tok/s=585 mem=12007MiB
CAT-YOKO-12B B0 step 33889/34802 nll=11.8061 ppl=134062.2 aux=0.0000 gate=0.006 gn=0.09 moe_cv=0.76 trainable=219.21M lr=3.17e-05 fp8=False nvfp4=False tok=158504960 tok/s=584 mem=12007MiB
CAT-YOKO-12B B0 step 33890/34802 nll=11.7954 ppl=132641.6 aux=0.0000 gate=0.006 gn=0.09 moe_cv=0.77 trainable=219.21M lr=3.17e-05 fp8=False nvfp4=False tok=158509056 tok/s=585 mem=12007MiB
CAT-YOKO-12B B0 step 33891/34802 nll=11.8009 ppl=133368.3 aux=0.0000 gate=0.006 gn=0.08 moe_cv=0.79 trainable=219.21M lr=3.17e-05 fp8=False nvfp4=False tok=158513152 tok/s=584 mem=12007MiB
CAT-YOKO-12B B0 step 33892/34802 nll=11.8014 ppl=133443.7 aux=0.0000 gate=0.006 gn=0.10 moe_cv=0.75 trainable=219.21M lr=3.17e-05 fp8=False nvfp4=False tok=158517248 tok/s=585 mem=12007MiB
CAT-YOKO-12B B0 step 33893/34802 nll=11.7992 ppl=133144.6 aux=0.0000 gate=0.006 gn=0.09 moe_cv=0.74 trainable=219.21M lr=3.17e-05 fp8=False nvfp4=False tok=158521344 tok/s=584 mem=12007MiB
CAT-YOKO-12B B0 step 33894/34802 nll=11.8000 ppl=133256.4 aux=0.0000 gate=0.006 gn=0.10 moe_cv=0.78 trainable=219.21M lr=3.17e-05 fp8=False nvfp4=False tok=158525440 tok/s=585 mem=12007MiB
CAT-YOKO-12B B0 step 33895/34802 nll=11.8045 ppl=133853.7 aux=0.0000 gate=0.006 gn=0.09 moe_cv=0.84 trainable=219.21M lr=3.17e-05 fp8=False nvfp4=False tok=158529536 tok/s=584 mem=12007MiB
CAT-YOKO-12B B0 step 33896/34802 nll=11.8069 ppl=134180.9 aux=0.0000 gate=0.006 gn=0.09 moe_cv=0.75 trainable=219.21M lr=3.17e-05 fp8=False nvfp4=False tok=158533632 tok/s=584 mem=12007MiB
CAT-YOKO-12B B0 step 33897/34802 nll=11.8038 ppl=133753.6 aux=0.0000 gate=0.006 gn=0.09 moe_cv=0.76 trainable=219.21M lr=3.17e-05 fp8=False nvfp4=False tok=158537728 tok/s=584 mem=12007MiB
CAT-YOKO-12B B0 step 33898/34802 nll=11.8043 ppl=133821.0 aux=0.0000 gate=0.006 gn=0.09 moe_cv=0.76 trainable=219.21M lr=3.17e-05 fp8=False nvfp4=False tok=158541824 tok/s=584 mem=12007MiB
CAT-YOKO-12B B0 step 33899/34802 nll=11.8054 ppl=133980.4 aux=0.0000 gate=0.006 gn=0.09 moe_cv=0.78 trainable=219.21M lr=3.17e-05 fp8=False nvfp4=False tok=158545920 tok/s=584 mem=12007MiB
CAT-YOKO-12B B0 step 33900/34802 nll=11.8007 ppl=133343.9 aux=0.0000 gate=0.006 gn=0.10 moe_cv=0.80 trainable=219.21M lr=3.17e-05 fp8=False nvfp4=False tok=158550016 tok/s=585 mem=12007MiB
CAT-YOKO-12B B0 step 33901/34802 nll=11.8009 ppl=133372.4 aux=0.0000 gate=0.006 gn=0.09 moe_cv=0.78 trainable=219.21M lr=3.17e-05 fp8=False nvfp4=False tok=158554112 tok/s=572 mem=12007MiB
CAT-YOKO-12B B0 step 33902/34802 nll=11.8027 ppl=133618.9 aux=0.0000 gate=0.006 gn=0.10 moe_cv=0.81 trainable=219.21M lr=3.17e-05 fp8=False nvfp4=False tok=158558208 tok/s=583 mem=12007MiB
CAT-YOKO-12B B0 step 33903/34802 nll=11.8052 ppl=133945.6 aux=0.0000 gate=0.006 gn=0.10 moe_cv=0.80 trainable=219.21M lr=3.17e-05 fp8=False nvfp4=False tok=158562304 tok/s=584 mem=12007MiB
CAT-YOKO-12B B0 step 33904/34802 nll=11.8058 ppl=134033.6 aux=0.0000 gate=0.006 gn=0.09 moe_cv=0.75 trainable=219.21M lr=3.17e-05 fp8=False nvfp4=False tok=158566400 tok/s=584 mem=12007MiB
CAT-YOKO-12B B0 step 33905/34802 nll=11.8041 ppl=133794.4 aux=0.0000 gate=0.006 gn=0.09 moe_cv=0.78 trainable=219.21M lr=3.17e-05 fp8=False nvfp4=False tok=158570496 tok/s=583 mem=12007MiB
CAT-YOKO-12B B0 step 33906/34802 nll=11.8025 ppl=133590.4 aux=0.0000 gate=0.006 gn=0.10 moe_cv=0.76 trainable=219.21M lr=3.17e-05 fp8=False nvfp4=False tok=158574592 tok/s=583 mem=12007MiB
CAT-YOKO-12B B0 step 33907/34802 nll=11.8009 ppl=133376.5 aux=0.0000 gate=0.006 gn=0.10 moe_cv=0.81 trainable=219.21M lr=3.17e-05 fp8=False nvfp4=False tok=158578688 tok/s=584 mem=12007MiB
