PREP_START 2026-09-20T01:02:41Z
Looking in indexes: http://mirrors.aliyun.com/pypi/simple
Collecting huggingface_hub
  Downloading http://mirrors.aliyun.com/pypi/packages/1b/cf/d98dd561d6d0d7b7d7a64d1563f8aaaa7c235daee41c1c9bcc3da62420ed/huggingface_hub-1.32.0-py3-none-any.whl (842 kB)
     ━━━━━━━━━━━━━━━━━━━━━━━━━━━━━━━━━━━━━━━ 842.9/842.9 kB 2.0 MB/s eta 0:00:00
Collecting safetensors
  Downloading http://mirrors.aliyun.com/pypi/packages/28/50/f203ff3a3ddfe19308efc83c5a3a29ed02bf786732ec35e68bf9162f3365/safetensors-0.8.0-cp310-abi3-manylinux_2_17_x86_64.manylinux2014_x86_64.whl (516 kB)
     ━━━━━━━━━━━━━━━━━━━━━━━━━━━━━━━━━━━━━━━ 516.0/516.0 kB 2.4 MB/s eta 0:00:00
Collecting transformers>=4.40
  Downloading http://mirrors.aliyun.com/pypi/packages/e8/d0/c502b60d684adbd98a8dc7d5bb866842772b816ac4354e4608be240041ae/transformers-5.17.0-py3-none-any.whl (12.3 MB)
     ━━━━━━━━━━━━━━━━━━━━━━━━━━━━━━━━━━━━━━━━ 12.3/12.3 MB 1.8 MB/s eta 0:00:00
Collecting deepspeed>=0.14
  Downloading http://mirrors.aliyun.com/pypi/packages/f2/06/aeeb0abbffbb3f1d8db049916eb654559d9d766443b058864b7e67e867f7/deepspeed-0.19.7.tar.gz (1.9 MB)
     ━━━━━━━━━━━━━━━━━━━━━━━━━━━━━━━━━━━━━━━━ 1.9/1.9 MB 2.3 MB/s eta 0:00:00
  Preparing metadata (setup.py): started
  Preparing metadata (setup.py): finished with status 'done'
Collecting click<9.0.0,>=8.4.2 (from huggingface_hub)
  Downloading http://mirrors.aliyun.com/pypi/packages/58/50/6c0d534c5f134586a8e1ba4e330569e32f057e33372ae556463212fb4cd3/click-8.5.0-py3-none-any.whl (125 kB)
     ━━━━━━━━━━━━━━━━━━━━━━━━━━━━━━━━━━━━━━ 125.3/125.3 kB 33.1 MB/s eta 0:00:00
Requirement already satisfied: filelock>=3.10.0 in ./miniconda3/lib/python3.12/site-packages (from huggingface_hub) (3.18.0)
Requirement already satisfied: fsspec>=2023.5.0 in ./miniconda3/lib/python3.12/site-packages (from huggingface_hub) (2025.7.0)
Collecting hf-xet<2.0.0,>=1.5.2 (from huggingface_hub)
  Downloading http://mirrors.aliyun.com/pypi/packages/67/4e/a28359bf1c1ecf11eba22123168c138698f7cb576ac678f5a2e16cd5da08/hf_xet-1.6.0-cp38-abi3-manylinux2014_x86_64.manylinux_2_17_x86_64.whl (4.5 MB)
     ━━━━━━━━━━━━━━━━━━━━━━━━━━━━━━━━━━━━━━━━ 4.5/4.5 MB 2.0 MB/s eta 0:00:00
Requirement already satisfied: httpx<1,>=0.23.0 in ./miniconda3/lib/python3.12/site-packages (from huggingface_hub) (0.28.1)
Requirement already satisfied: packaging>=20.9 in ./miniconda3/lib/python3.12/site-packages (from huggingface_hub) (23.2)
Requirement already satisfied: pyyaml>=5.1 in ./miniconda3/lib/python3.12/site-packages (from huggingface_hub) (6.0.2)
Requirement already satisfied: tqdm>=4.42.1 in ./miniconda3/lib/python3.12/site-packages (from huggingface_hub) (4.66.2)
Requirement already satisfied: typing-extensions>=4.1.0 in ./miniconda3/lib/python3.12/site-packages (from huggingface_hub) (4.14.1)
Requirement already satisfied: numpy>=1.17 in ./miniconda3/lib/python3.12/site-packages (from transformers>=4.40) (2.3.2)
Collecting regex>=2025.10.22 (from transformers>=4.40)
  Downloading http://mirrors.aliyun.com/pypi/packages/cb/f5/dcdf5e0d898024005cfcce631e3e934d111dfbe177ca0b7f253ae8a735a2/regex-2026.9.10-cp312-cp312-manylinux2014_x86_64.manylinux_2_17_x86_64.manylinux_2_28_x86_64.whl (804 kB)
     ━━━━━━━━━━━━━━━━━━━━━━━━━━━━━━━━━━━━━━━ 804.6/804.6 kB 1.9 MB/s eta 0:00:00
Collecting tokenizers<0.24.0,>=0.23.1 (from transformers>=4.40)
  Downloading http://mirrors.aliyun.com/pypi/packages/2c/ca/ca6b93c7820df123b2662a9469e8facc826ccc94e98fdd0d615f6431e73a/tokenizers-0.23.2-cp310-abi3-manylinux_2_17_x86_64.manylinux2014_x86_64.whl (3.4 MB)
     ━━━━━━━━━━━━━━━━━━━━━━━━━━━━━━━━━━━━━━━━ 3.4/3.4 MB 2.1 MB/s eta 0:00:00
Collecting typer (from transformers>=4.40)
  Downloading http://mirrors.aliyun.com/pypi/packages/dc/bf/205d0004930ede8f542fb58f601526fccf4ae7626075ca1e6c4de5d3d652/typer-0.27.2-py3-none-any.whl (123 kB)
     ━━━━━━━━━━━━━━━━━━━━━━━━━━━━━━━━━━━━━━ 123.1/123.1 kB 29.3 MB/s eta 0:00:00
Collecting einops (from deepspeed>=0.14)
  Downloading http://mirrors.aliyun.com/pypi/packages/2a/09/f8d8f8f31e4483c10a906437b4ce31bdf3d6d417b73fe33f1a8b59e34228/einops-0.8.2-py3-none-any.whl (65 kB)
     ━━━━━━━━━━━━━━━━━━━━━━━━━━━━━━━━━━━━━━━━ 65.6/65.6 kB 20.6 MB/s eta 0:00:00
Collecting hjson (from deepspeed>=0.14)
  Downloading http://mirrors.aliyun.com/pypi/packages/1f/7f/13cd798d180af4bf4c0ceddeefba2b864a63c71645abc0308b768d67bb81/hjson-3.1.0-py3-none-any.whl (54 kB)
     ━━━━━━━━━━━━━━━━━━━━━━━━━━━━━━━━━━━━━━━━ 54.0/54.0 kB 10.0 MB/s eta 0:00:00
Collecting msgpack (from deepspeed>=0.14)
  Downloading http://mirrors.aliyun.com/pypi/packages/41/f0/29f591bea185616cf417645ac03bd3ad9b317483ad8572160e325f7fe777/msgpack-1.2.2-cp312-cp312-manylinux2014_x86_64.manylinux_2_17_x86_64.manylinux_2_28_x86_64.whl (420 kB)
     ━━━━━━━━━━━━━━━━━━━━━━━━━━━━━━━━━━━━━━━ 420.6/420.6 kB 2.0 MB/s eta 0:00:00
Collecting ninja (from deepspeed>=0.14)
  Downloading http://mirrors.aliyun.com/pypi/packages/6e/53/ebfed7b689c338dd8ebeec9c0730c8d56821292f14e2536e5f3ef1a05744/ninja-1.13.2-py3-none-manylinux2014_x86_64.manylinux_2_17_x86_64.whl (183 kB)
     ━━━━━━━━━━━━━━━━━━━━━━━━━━━━━━━━━━━━━━ 183.4/183.4 kB 29.1 MB/s eta 0:00:00
Requirement already satisfied: psutil in ./miniconda3/lib/python3.12/site-packages (from deepspeed>=0.14) (7.0.0)
Collecting py-cpuinfo (from deepspeed>=0.14)
  Downloading http://mirrors.aliyun.com/pypi/packages/e0/a9/023730ba63db1e494a271cb018dcd361bd2c917ba7004c3e49d5daf795a2/py_cpuinfo-9.0.0-py3-none-any.whl (22 kB)
Collecting pydantic>=2.0.0 (from deepspeed>=0.14)
  Downloading http://mirrors.aliyun.com/pypi/packages/eb/47/c95ffc2009878c7aac0c5e08528022dcb885933252a88b5f170058014464/pydantic-2.13.5-py3-none-any.whl (472 kB)
     ━━━━━━━━━━━━━━━━━━━━━━━━━━━━━━━━━━━━━━━ 472.6/472.6 kB 2.2 MB/s eta 0:00:00
Requirement already satisfied: torch>=2.0.0 in ./miniconda3/lib/python3.12/site-packages (from deepspeed>=0.14) (2.8.0+cu128)
Collecting nvidia-ml-py (from deepspeed>=0.14)
  Downloading http://mirrors.aliyun.com/pypi/packages/23/45/caa600acfab94560807a20a64b5830d2cd3c3202b7f1328644d70b7d6bd8/nvidia_ml_py-13.610.43-py3-none-any.whl (53 kB)
     ━━━━━━━━━━━━━━━━━━━━━━━━━━━━━━━━━━━━━━━━ 53.2/53.2 kB 10.0 MB/s eta 0:00:00
Requirement already satisfied: anyio in ./miniconda3/lib/python3.12/site-packages (from httpx<1,>=0.23.0->huggingface_hub) (4.10.0)
Requirement already satisfied: certifi in ./miniconda3/lib/python3.12/site-packages (from httpx<1,>=0.23.0->huggingface_hub) (2024.2.2)
Requirement already satisfied: httpcore==1.* in ./miniconda3/lib/python3.12/site-packages (from httpx<1,>=0.23.0->huggingface_hub) (1.0.9)
Requirement already satisfied: idna in ./miniconda3/lib/python3.12/site-packages (from httpx<1,>=0.23.0->huggingface_hub) (3.7)
Requirement already satisfied: h11>=0.16 in ./miniconda3/lib/python3.12/site-packages (from httpcore==1.*->httpx<1,>=0.23.0->huggingface_hub) (0.16.0)
Collecting annotated-types>=0.6.0 (from pydantic>=2.0.0->deepspeed>=0.14)
  Downloading http://mirrors.aliyun.com/pypi/packages/99/91/8acff4f5e50511b911bbccb72b8628a49c68ce14148cd9f6431094859a90/annotated_types-0.8.0-py3-none-any.whl (13 kB)
Collecting pydantic-core==2.46.5 (from pydantic>=2.0.0->deepspeed>=0.14)
  Downloading http://mirrors.aliyun.com/pypi/packages/c0/a4/eb9409ec0736e50aa70a412f16c204ed149516846912f7e6724d4c73ee53/pydantic_core-2.46.5-cp312-cp312-manylinux_2_17_x86_64.manylinux2014_x86_64.whl (2.1 MB)
     ━━━━━━━━━━━━━━━━━━━━━━━━━━━━━━━━━━━━━━━━ 2.1/2.1 MB 2.0 MB/s eta 0:00:00
Collecting typing-inspection>=0.4.2 (from pydantic>=2.0.0->deepspeed>=0.14)
  Downloading http://mirrors.aliyun.com/pypi/packages/67/81/4add07e5172b7ac40d8ed5ff580409a7801a4fe26d529bdd915401dabfbe/typing_inspection-0.4.4-py3-none-any.whl (14 kB)
Requirement already satisfied: setuptools in ./miniconda3/lib/python3.12/site-packages (from torch>=2.0.0->deepspeed>=0.14) (69.5.1)
Requirement already satisfied: sympy>=1.13.3 in ./miniconda3/lib/python3.12/site-packages (from torch>=2.0.0->deepspeed>=0.14) (1.14.0)
Requirement already satisfied: networkx in ./miniconda3/lib/python3.12/site-packages (from torch>=2.0.0->deepspeed>=0.14) (3.5)
Requirement already satisfied: jinja2 in ./miniconda3/lib/python3.12/site-packages (from torch>=2.0.0->deepspeed>=0.14) (3.1.6)
Requirement already satisfied: nvidia-cuda-nvrtc-cu12==12.8.93 in ./miniconda3/lib/python3.12/site-packages (from torch>=2.0.0->deepspeed>=0.14) (12.8.93)
Requirement already satisfied: nvidia-cuda-runtime-cu12==12.8.90 in ./miniconda3/lib/python3.12/site-packages (from torch>=2.0.0->deepspeed>=0.14) (12.8.90)
Requirement already satisfied: nvidia-cuda-cupti-cu12==12.8.90 in ./miniconda3/lib/python3.12/site-packages (from torch>=2.0.0->deepspeed>=0.14) (12.8.90)
Requirement already satisfied: nvidia-cudnn-cu12==9.10.2.21 in ./miniconda3/lib/python3.12/site-packages (from torch>=2.0.0->deepspeed>=0.14) (9.10.2.21)
Requirement already satisfied: nvidia-cublas-cu12==12.8.4.1 in ./miniconda3/lib/python3.12/site-packages (from torch>=2.0.0->deepspeed>=0.14) (12.8.4.1)
Requirement already satisfied: nvidia-cufft-cu12==11.3.3.83 in ./miniconda3/lib/python3.12/site-packages (from torch>=2.0.0->deepspeed>=0.14) (11.3.3.83)
Requirement already satisfied: nvidia-curand-cu12==10.3.9.90 in ./miniconda3/lib/python3.12/site-packages (from torch>=2.0.0->deepspeed>=0.14) (10.3.9.90)
Requirement already satisfied: nvidia-cusolver-cu12==11.7.3.90 in ./miniconda3/lib/python3.12/site-packages (from torch>=2.0.0->deepspeed>=0.14) (11.7.3.90)
Requirement already satisfied: nvidia-cusparse-cu12==12.5.8.93 in ./miniconda3/lib/python3.12/site-packages (from torch>=2.0.0->deepspeed>=0.14) (12.5.8.93)
Requirement already satisfied: nvidia-cusparselt-cu12==0.7.1 in ./miniconda3/lib/python3.12/site-packages (from torch>=2.0.0->deepspeed>=0.14) (0.7.1)
Requirement already satisfied: nvidia-nccl-cu12==2.27.3 in ./miniconda3/lib/python3.12/site-packages (from torch>=2.0.0->deepspeed>=0.14) (2.27.3)
Requirement already satisfied: nvidia-nvtx-cu12==12.8.90 in ./miniconda3/lib/python3.12/site-packages (from torch>=2.0.0->deepspeed>=0.14) (12.8.90)
Requirement already satisfied: nvidia-nvjitlink-cu12==12.8.93 in ./miniconda3/lib/python3.12/site-packages (from torch>=2.0.0->deepspeed>=0.14) (12.8.93)
Requirement already satisfied: nvidia-cufile-cu12==1.13.1.3 in ./miniconda3/lib/python3.12/site-packages (from torch>=2.0.0->deepspeed>=0.14) (1.13.1.3)
Requirement already satisfied: triton==3.4.0 in ./miniconda3/lib/python3.12/site-packages (from torch>=2.0.0->deepspeed>=0.14) (3.4.0)
Collecting shellingham>=1.3.0 (from typer->transformers>=4.40)
  Downloading http://mirrors.aliyun.com/pypi/packages/e0/f9/0595336914c5619e5f28a1fb793285925a8cd4b432c9da0a987836c7f822/shellingham-1.5.4-py2.py3-none-any.whl (9.8 kB)
Collecting rich>=13.8.0 (from typer->transformers>=4.40)
  Downloading http://mirrors.aliyun.com/pypi/packages/82/3b/64d4899d73f91ba49a8c18a8ff3f0ea8f1c1d75481760df8c68ef5235bf5/rich-15.0.0-py3-none-any.whl (310 kB)
     ━━━━━━━━━━━━━━━━━━━━━━━━━━━━━━━━━━━━━━ 310.7/310.7 kB 50.7 MB/s eta 0:00:00
Collecting annotated-doc>=0.0.2 (from typer->transformers>=4.40)
  Downloading http://mirrors.aliyun.com/pypi/packages/3e/30/e900b21425a860e195f32e37657aa1f7c7f2b1bfb26f03ca209b90933c06/annotated_doc-0.0.5-py3-none-any.whl (5.3 kB)
Collecting markdown-it-py>=2.2.0 (from rich>=13.8.0->typer->transformers>=4.40)
  Downloading http://mirrors.aliyun.com/pypi/packages/b3/81/4da04ced5a082363ecfa159c010d200ecbd959ae410c10c0264a38cac0f5/markdown_it_py-4.2.0-py3-none-any.whl (91 kB)
     ━━━━━━━━━━━━━━━━━━━━━━━━━━━━━━━━━━━━━━━━ 91.7/91.7 kB 26.1 MB/s eta 0:00:00
Requirement already satisfied: pygments<3.0.0,>=2.13.0 in ./miniconda3/lib/python3.12/site-packages (from rich>=13.8.0->typer->transformers>=4.40) (2.19.2)
Requirement already satisfied: mpmath<1.4,>=1.1.0 in ./miniconda3/lib/python3.12/site-packages (from sympy>=1.13.3->torch>=2.0.0->deepspeed>=0.14) (1.3.0)
Collecting typing-extensions>=4.1.0 (from huggingface_hub)
  Downloading http://mirrors.aliyun.com/pypi/packages/49/d3/b8441a820a491ddfc024b0b0cf0393375b75ea13866d9c66727e54c2fc80/typing_extensions-4.16.0-py3-none-any.whl (45 kB)
     ━━━━━━━━━━━━━━━━━━━━━━━━━━━━━━━━━━━━━━━━ 45.6/45.6 kB 13.5 MB/s eta 0:00:00
Requirement already satisfied: sniffio>=1.1 in ./miniconda3/lib/python3.12/site-packages (from anyio->httpx<1,>=0.23.0->huggingface_hub) (1.3.1)
Requirement already satisfied: MarkupSafe>=2.0 in ./miniconda3/lib/python3.12/site-packages (from jinja2->torch>=2.0.0->deepspeed>=0.14) (3.0.2)
Collecting mdurl~=0.1 (from markdown-it-py>=2.2.0->rich>=13.8.0->typer->transformers>=4.40)
  Downloading http://mirrors.aliyun.com/pypi/packages/b3/38/89ba8ad64ae25be8de66a6d463314cf1eb366222074cfda9ee839c56a4b4/mdurl-0.1.2-py3-none-any.whl (10.0 kB)
Building wheels for collected packages: deepspeed
  Building wheel for deepspeed (setup.py): started
  Building wheel for deepspeed (setup.py): finished with status 'done'
  Created wheel for deepspeed: filename=deepspeed-0.19.7-py3-none-any.whl size=2075442 sha256=110fd89ea8ed28b73dedf8f7ee38f960d1eea4024e64f5b23002d5058509994c
  Stored in directory: /root/.cache/pip/wheels/28/3f/6e/dcd1cedeffb54d82804aef89533decd4b18c80291144961ff6
Successfully built deepspeed
Installing collected packages: py-cpuinfo, nvidia-ml-py, hjson, typing-extensions, shellingham, safetensors, regex, ninja, msgpack, mdurl, hf-xet, einops, click, annotated-types, annotated-doc, typing-inspection, pydantic-core, markdown-it-py, rich, pydantic, typer, huggingface_hub, deepspeed, tokenizers, transformers
  Attempting uninstall: typing-extensions
    Found existing installation: typing_extensions 4.14.1
    Uninstalling typing_extensions-4.14.1:
      Successfully uninstalled typing_extensions-4.14.1
Successfully installed annotated-doc-0.0.5 annotated-types-0.8.0 click-8.5.0 deepspeed-0.19.7 einops-0.8.2 hf-xet-1.6.0 hjson-3.1.0 huggingface_hub-1.32.0 markdown-it-py-4.2.0 mdurl-0.1.2 msgpack-1.2.2 ninja-1.13.2 nvidia-ml-py-13.610.43 py-cpuinfo-9.0.0 pydantic-2.13.5 pydantic-core-2.46.5 regex-2026.9.10 rich-15.0.0 safetensors-0.8.0 shellingham-1.5.4 tokenizers-0.23.2 transformers-5.17.0 typer-0.27.2 typing-extensions-4.16.0 typing-inspection-0.4.4
WARNING: Running pip as the 'root' user can result in broken permissions and conflicting behaviour with the system package manager. It is recommended to use a virtual environment instead: https://pip.pypa.io/warnings/venv
PIP_DONE 2026-09-20T01:03:20Z
hf-mirror snapshot openbmb/MiniCPM5-2B-Base endpoint=https://hf-mirror.com
Fetching 10 files:   0%|          | 0/10 [00:00<?, ?it/s]Fetching 10 files:  10%|█         | 1/10 [00:00<00:05,  1.77it/s]Fetching 10 files:  20%|██        | 2/10 [00:00<00:03,  2.40it/s]Fetching 10 files:  30%|███       | 3/10 [00:00<00:01,  3.61it/s]Fetching 10 files:  40%|████      | 4/10 [00:01<00:01,  4.46it/s]Fetching 10 files:  60%|██████    | 6/10 [00:01<00:00,  4.45it/s]Fetching 10 files:  70%|███████   | 7/10 [00:01<00:00,  4.14it/s]Fetching 10 files:  80%|████████  | 8/10 [00:02<00:00,  3.96it/s]Fetching 10 files:  90%|█████████ | 9/10 [00:02<00:00,  2.84it/s]Fetching 10 files: 100%|██████████| 10/10 [05:01<00:00, 87.25s/it]Fetching 10 files: 100%|██████████| 10/10 [05:01<00:00, 30.19s/it]
ok via hf-mirror: /root/autodl-tmp/hf/MiniCPM5-2B-Base/model.safetensors
MINICPM5_DONE 2026-09-20T01:08:23Z
-rw-r--r-- 1 root root 4.7G Sep 20 09:08 /root/autodl-tmp/hf/MiniCPM5-2B-Base/model.safetensors
